Component: ARM Compiler 5.06 update 6 (build 750) Tool: armlink [4d35ed]

==============================================================================

Section Cross References

    main.o(i.Gps_Msg_Show) refers to _printf_pad.o(.text) for _printf_pre_padding
    main.o(i.Gps_Msg_Show) refers to _printf_percent.o(.ARM.Collect$$_printf_percent$$00000000) for _printf_percent
    main.o(i.Gps_Msg_Show) refers to _printf_f.o(.ARM.Collect$$_printf_percent$$00000003) for _printf_f
    main.o(i.Gps_Msg_Show) refers to _printf_c.o(.ARM.Collect$$_printf_percent$$00000013) for _printf_c
    main.o(i.Gps_Msg_Show) refers to printf1.o(x$fpl$printf1) for _printf_fp_dec
    main.o(i.Gps_Msg_Show) refers to _printf_str.o(.text) for _printf_str
    main.o(i.Gps_Msg_Show) refers to _printf_s.o(.ARM.Collect$$_printf_percent$$00000014) for _printf_s
    main.o(i.Gps_Msg_Show) refers to _printf_d.o(.ARM.Collect$$_printf_percent$$00000009) for _printf_d
    main.o(i.Gps_Msg_Show) refers to _printf_dec.o(.text) for _printf_int_dec
    main.o(i.Gps_Msg_Show) refers to fflt_clz.o(x$fpl$ffltu) for __aeabi_ui2f
    main.o(i.Gps_Msg_Show) refers to fdiv.o(x$fpl$fdiv) for __aeabi_fdiv
    main.o(i.Gps_Msg_Show) refers to f2d.o(x$fpl$f2d) for __aeabi_f2d
    main.o(i.Gps_Msg_Show) refers to __2sprintf.o(.text) for __2sprintf
    main.o(i.Gps_Msg_Show) refers to lcd_zk.o(i.display_string_5x7) for display_string_5x7
    main.o(i.Gps_Msg_Show) refers to fflt_clz.o(x$fpl$fflt) for __aeabi_i2f
    main.o(i.Gps_Msg_Show) refers to main.o(.bss) for .bss
    main.o(i.Gps_Msg_Show) refers to main.o(.data) for .data
    main.o(i.main) refers to delay.o(i.delay_init) for delay_init
    main.o(i.main) refers to misc.o(i.NVIC_PriorityGroupConfig) for NVIC_PriorityGroupConfig
    main.o(i.main) refers to usart.o(i.uart_init) for uart_init
    main.o(i.main) refers to lcd_zk.o(i.initial_lcd) for initial_lcd
    main.o(i.main) refers to lcd_zk.o(i.clear_screen) for clear_screen
    main.o(i.main) refers to main.o(i.Gps_Msg_Show) for Gps_Msg_Show
    main.o(.data) refers to main.o(.conststring) for .conststring
    system_stm32f10x.o(i.SystemCoreClockUpdate) refers to system_stm32f10x.o(.data) for .data
    system_stm32f10x.o(i.SystemInit) refers to system_stm32f10x.o(i.SetSysClockTo72) for SetSysClockTo72
    startup_stm32f10x_hd.o(STACK) refers (Special) to heapauxi.o(.text) for __use_two_region_memory
    startup_stm32f10x_hd.o(HEAP) refers (Special) to heapauxi.o(.text) for __use_two_region_memory
    startup_stm32f10x_hd.o(RESET) refers (Special) to heapauxi.o(.text) for __use_two_region_memory
    startup_stm32f10x_hd.o(RESET) refers to startup_stm32f10x_hd.o(STACK) for __initial_sp
    startup_stm32f10x_hd.o(RESET) refers to startup_stm32f10x_hd.o(.text) for Reset_Handler
    startup_stm32f10x_hd.o(RESET) refers to stm32f10x_it.o(i.NMI_Handler) for NMI_Handler
    startup_stm32f10x_hd.o(RESET) refers to stm32f10x_it.o(i.HardFault_Handler) for HardFault_Handler
    startup_stm32f10x_hd.o(RESET) refers to stm32f10x_it.o(i.MemManage_Handler) for MemManage_Handler
    startup_stm32f10x_hd.o(RESET) refers to stm32f10x_it.o(i.BusFault_Handler) for BusFault_Handler
    startup_stm32f10x_hd.o(RESET) refers to stm32f10x_it.o(i.UsageFault_Handler) for UsageFault_Handler
    startup_stm32f10x_hd.o(RESET) refers to stm32f10x_it.o(i.SVC_Handler) for SVC_Handler
    startup_stm32f10x_hd.o(RESET) refers to stm32f10x_it.o(i.DebugMon_Handler) for DebugMon_Handler
    startup_stm32f10x_hd.o(RESET) refers to stm32f10x_it.o(i.PendSV_Handler) for PendSV_Handler
    startup_stm32f10x_hd.o(RESET) refers to stm32f10x_it.o(i.SysTick_Handler) for SysTick_Handler
    startup_stm32f10x_hd.o(RESET) refers to usmart.o(i.TIM4_IRQHandler) for TIM4_IRQHandler
    startup_stm32f10x_hd.o(RESET) refers to usart.o(i.USART1_IRQHandler) for USART1_IRQHandler
    startup_stm32f10x_hd.o(RESET) refers to usart3.o(i.USART3_IRQHandler) for USART3_IRQHandler
    startup_stm32f10x_hd.o(RESET) refers to timer.o(i.TIM7_IRQHandler) for TIM7_IRQHandler
    startup_stm32f10x_hd.o(.text) refers (Special) to heapauxi.o(.text) for __use_two_region_memory
    startup_stm32f10x_hd.o(.text) refers to system_stm32f10x.o(i.SystemInit) for SystemInit
    startup_stm32f10x_hd.o(.text) refers to __main.o(!!!main) for __main
    startup_stm32f10x_hd.o(.text) refers to startup_stm32f10x_hd.o(HEAP) for Heap_Mem
    startup_stm32f10x_hd.o(.text) refers to startup_stm32f10x_hd.o(STACK) for Stack_Mem
    gps.o(i.GPS_Analysis) refers to gps.o(i.NMEA_GPGSV_Analysis) for NMEA_GPGSV_Analysis
    gps.o(i.GPS_Analysis) refers to gps.o(i.NMEA_BDGSV_Analysis) for NMEA_BDGSV_Analysis
    gps.o(i.GPS_Analysis) refers to gps.o(i.NMEA_GNGGA_Analysis) for NMEA_GNGGA_Analysis
    gps.o(i.GPS_Analysis) refers to gps.o(i.NMEA_GNGSA_Analysis) for NMEA_GNGSA_Analysis
    gps.o(i.GPS_Analysis) refers to gps.o(i.NMEA_GNRMC_Analysis) for NMEA_GNRMC_Analysis
[...]
    ..\SYSTEM\delay\delay.c                  0x00000000   Number         0  delay.o ABSOLUTE
    ..\SYSTEM\sys\sys.c                      0x00000000   Number         0  sys.o ABSOLUTE
    ..\SYSTEM\usart\usart.c                  0x00000000   Number         0  usart.o ABSOLUTE
    ..\USMART\usmart.c                       0x00000000   Number         0  usmart.o ABSOLUTE
    ..\USMART\usmart_config.c                0x00000000   Number         0  usmart_config.o ABSOLUTE
    ..\USMART\usmart_str.c                   0x00000000   Number         0  usmart_str.o ABSOLUTE
    ..\\CORE\\core_cm3.c                     0x00000000   Number         0  core_cm3.o ABSOLUTE
    ..\\SYSTEM\\sys\\sys.c                   0x00000000   Number         0  sys.o ABSOLUTE
    dc.s                                     0x00000000   Number         0  dc.o ABSOLUTE
    main.c                                   0x00000000   Number         0  main.o ABSOLUTE
    stm32f10x_it.c                           0x00000000   Number         0  stm32f10x_it.o ABSOLUTE
    system_stm32f10x.c                       0x00000000   Number         0  system_stm32f10x.o ABSOLUTE
    RESET                                    0x08000000   Section      304  startup_stm32f10x_hd.o(RESET)
    !!!main                                  0x08000130   Section        8  __main.o(!!!main)
    !!!scatter                               0x08000138   Section       52  __scatter.o(!!!scatter)
    !!dczerorl2                              0x0800016c   Section       90  __dczerorl2.o(!!dczerorl2)
    !!handler_zi                             0x080001c8   Section       28  __scatter_zi.o(!!handler_zi)
    .ARM.Collect$$_printf_percent$$00000000  0x080001e4   Section        0  _printf_percent.o(.ARM.Collect$$_printf_percent$$00000000)
    .ARM.Collect$$_printf_percent$$00000003  0x080001e4   Section        6  _printf_f.o(.ARM.Collect$$_printf_percent$$00000003)
    .ARM.Collect$$_printf_percent$$00000009  0x080001ea   Section        6  _printf_d.o(.ARM.Collect$$_printf_percent$$00000009)
    .ARM.Collect$$_printf_percent$$0000000A  0x080001f0   Section        6  _printf_u.o(.ARM.Collect$$_printf_percent$$0000000A)
    .ARM.Collect$$_printf_percent$$0000000C  0x080001f6   Section        6  _printf_x.o(.ARM.Collect$$_printf_percent$$0000000C)
    .ARM.Collect$$_printf_percent$$00000013  0x080001fc   Section        6  _printf_c.o(.ARM.Collect$$_printf_percent$$00000013)
    .ARM.Collect$$_printf_percent$$00000014  0x08000202   Section        6  _printf_s.o(.ARM.Collect$$_printf_percent$$00000014)
    .ARM.Collect$$_printf_percent$$00000017  0x08000208   Section        4  _printf_percent_end.o(.ARM.Collect$$_printf_percent$$00000017)
    .ARM.Collect$$libinit$$00000000          0x0800020c   Section        2  libinit.o(.ARM.Collect$$libinit$$00000000)
    .ARM.Collect$$libinit$$00000002          0x0800020e   Section        0  libinit2.o(.ARM.Collect$$libinit$$00000002)
    .ARM.Collect$$libinit$$00000004          0x0800020e   Section        0  libinit2.o(.ARM.Collect$$libinit$$00000004)
    .ARM.Collect$$libinit$$0000000A          0x0800020e   Section        0  libinit2.o(.ARM.Collect$$libinit$$0000000A)
    .ARM.Collect$$libinit$$0000000C          0x0800020e   Section        0  libinit2.o(.ARM.Collect$$libinit$$0000000C)
    .ARM.Collect$$libinit$$0000000E          0x0800020e   Section        0  libinit2.o(.ARM.Collect$$libinit$$0000000E)
    .ARM.Collect$$libinit$$0000000F          0x0800020e   Section        6  libinit2.o(.ARM.Collect$$libinit$$0000000F)
    .ARM.Collect$$libinit$$00000011          0x08000214   Section        0  libinit2.o(.ARM.Collect$$libinit$$00000011)
    .ARM.Collect$$libinit$$00000013          0x08000214   Section        0  libinit2.o(.ARM.Collect$$libinit$$00000013)
    .ARM.Collect$$libinit$$00000015          0x08000214   Section        0  libinit2.o(.ARM.Collect$$libinit$$00000015)
    .ARM.Collect$$libinit$$00000016          0x08000214   Section       10  libinit2.o(.ARM.Collect$$libinit$$00000016)
    .ARM.Collect$$libinit$$00000017          0x0800021e   Section        0  libinit2.o(.ARM.Collect$$libinit$$00000017)
    .ARM.Collect$$libinit$$00000019          0x0800021e   Section        0  libinit2.o(.ARM.Collect$$libinit$$00000019)
    .ARM.Collect$$libinit$$0000001B          0x0800021e   Section        0  libinit2.o(.ARM.Collect$$libinit$$0000001B)
    .ARM.Collect$$libinit$$0000001D          0x0800021e   Section        0  libinit2.o(.ARM.Collect$$libinit$$0000001D)
    .ARM.Collect$$libinit$$0000001F          0x0800021e   Section        0  libinit2.o(.ARM.Collect$$libinit$$0000001F)
    .ARM.Collect$$libinit$$00000021          0x0800021e   Section        0  libinit2.o(.ARM.Collect$$libinit$$00000021)
    .ARM.Collect$$libinit$$00000023          0x0800021e   Section        0  libinit2.o(.ARM.Collect$$libinit$$00000023)
    .ARM.Collect$$libinit$$00000025          0x0800021e   Section        0  libinit2.o(.ARM.Collect$$libinit$$00000025)
    .ARM.Collect$$libinit$$0000002C          0x0800021e   Section        0  libinit2.o(.ARM.Collect$$libinit$$0000002C)
    .ARM.Collect$$libinit$$0000002E          0x0800021e   Section        0  libinit2.o(.ARM.Collect$$libinit$$0000002E)
    .ARM.Collect$$libinit$$00000030          0x0800021e   Section        0  libinit2.o(.ARM.Collect$$libinit$$00000030)
    .ARM.Collect$$libinit$$00000032          0x0800021e   Section        0  libinit2.o(.ARM.Collect$$libinit$$00000032)
    .ARM.Collect$$libinit$$00000033          0x0800021e   Section        2  libinit2.o(.ARM.Collect$$libinit$$00000033)
    .ARM.Collect$$libshutdown$$00000000      0x08000220   Section        2  libshutdown.o(.ARM.Collect$$libshutdown$$00000000)
    .ARM.Collect$$libshutdown$$00000002      0x08000222   Section        0  libshutdown2.o(.ARM.Collect$$libshutdown$$00000002)
    .ARM.Collect$$libshutdown$$00000004      0x08000222   Section        0  libshutdown2.o(.ARM.Collect$$libshutdown$$00000004)
    .ARM.Collect$$libshutdown$$00000007      0x08000222   Section        0  libshutdown2.o(.ARM.Collect$$libshutdown$$00000007)
    .ARM.Collect$$libshutdown$$0000000A      0x08000222   Section        0  libshutdown2.o(.ARM.Collect$$libshutdown$$0000000A)
    .ARM.Collect$$libshutdown$$0000000C      0x08000222   Section        0  libshutdown2.o(.ARM.Collect$$libshutdown$$0000000C)
    .ARM.Collect$$libshutdown$$0000000F      0x08000222   Section        0  libshutdown2.o(.ARM.Collect$$libshutdown$$0000000F)
    .ARM.Collect$$libshutdown$$00000010      0x08000222   Section        2  libshutdown2.o(.ARM.Collect$$libshutdown$$00000010)
    .ARM.Collect$$rtentry$$00000000          0x08000224   Section        0  __rtentry.o(.ARM.Collect$$rtentry$$00000000)
    .ARM.Collect$$rtentry$$00000002          0x08000224   Section        0  __rtentry2.o(.ARM.Collect$$rtentry$$00000002)
    .ARM.Collect$$rtentry$$00000004          0x08000224   Section        6  __rtentry4.o(.ARM.Collect$$rtentry$$00000004)
    .ARM.Collect$$rtentry$$00000009          0x0800022a   Section        0  __rtentry2.o(.ARM.Collect$$rtentry$$00000009)
    .ARM.Collect$$rtentry$$0000000A          0x0800022a   Section        4  __rtentry2.o(.ARM.Collect$$rtentry$$0000000A)
    .ARM.Collect$$rtentry$$0000000C          0x0800022e   Section        0  __rtentry2.o(.ARM.Collect$$rtentry$$0000000C)
    .ARM.Collect$$rtentry$$0000000D          0x0800022e   Section        8  __rtentry2.o(.ARM.Collect$$rtentry$$0000000D)
    .ARM.Collect$$rtexit$$00000000           0x08000236   Section        2  rtexit.o(.ARM.Collect$$rtexit$$00000000)
    .ARM.Collect$$rtexit$$00000002           0x08000238   Section        0  rtexit2.o(.ARM.Collect$$rtexit$$00000002)
    .ARM.Collect$$rtexit$$00000003           0x08000238   Section        4  rtexit2.o(.ARM.Collect$$rtexit$$00000003)
    .ARM.Collect$$rtexit$$00000004           0x0800023c   Section        6  rtexit2.o(.ARM.Collect$$rtexit$$00000004)
    .text                                    0x08000244   Section       64  startup_stm32f10x_hd.o(.text)
    .text                                    0x08000284   Section        2  use_no_semi_2.o(.text)
    .text                                    0x08000288   Section        0  __2printf.o(.text)
    .text                                    0x080002a0   Section        0  __2sprintf.o(.text)
    .text                                    0x080002cc   Section        0  _printf_pad.o(.text)
    .text                                    0x0800031a   Section        0  _printf_str.o(.text)
    .text                                    0x0800036c   Section        0  _printf_dec.o(.text)
    .text                                    0x080003e4   Section        0  _printf_hex_int_ll_ptr.o(.text)
    _printf_hex_common                       0x080003e5   Thumb Code     0  _printf_hex_int_ll_ptr.o(.text)
    .text                                    0x08000478   Section        0  __printf_flags_ss_wp.o(.text)
    .text                                    0x08000600   Section        0  heapauxi.o(.text)
    .text                                    0x08000606   Section        2  use_no_semi.o(.text)
    .text                                    0x08000608   Section        0  _printf_intcommon.o(.text)
    .text                                    0x080006ba   Section        0  _printf_fp_dec.o(.text)
    _fp_digits                               0x080006bd   Thumb Code   432  _printf_fp_dec.o(.text)
    .text                                    0x08000ad8   Section        0  _printf_char_common.o(.text)
    _printf_input_char                       0x08000ad9   Thumb Code    10  _printf_char_common.o(.text)
    .text                                    0x08000b08   Section        0  _sputc.o(.text)
    .text                                    0x08000b12   Section        0  _printf_char.o(.text)
    .text                                    0x08000b40   Section        0  _printf_char_file.o(.text)
    .text                                    0x08000b64   Section        8  rt_locale_intlibspace.o(.text)
    .text                                    0x08000b6c   Section      138  lludiv10.o(.text)
    .text                                    0x08000bf8   Section        0  _printf_fp_infnan.o(.text)
    .text                                    0x08000c78   Section        0  bigflt0.o(.text)
    .text                                    0x08000d5c   Section        0  ferror.o(.text)
    .text                                    0x08000d64   Section        8  libspace.o(.text)
    .text                                    0x08000d6c   Section       74  sys_stackheap_outer.o(.text)
    .text                                    0x08000db6   Section        0  exit.o(.text)
    .text                                    0x08000dc8   Section      128  strcmpv7m.o(.text)
    CL$$btod_d2e                             0x08000e48   Section       62  btod.o(CL$$btod_d2e)
    CL$$btod_d2e_denorm_low                  0x08000e86   Section       70  btod.o(CL$$btod_d2e_denorm_low)
    CL$$btod_d2e_norm_op1                    0x08000ecc   Section       96  btod.o(CL$$btod_d2e_norm_op1)
    CL$$btod_div_common                      0x08000f2c   Section      824  btod.o(CL$$btod_div_common)
    CL$$btod_e2e                             0x08001264   Section      220  btod.o(CL$$btod_e2e)
    CL$$btod_ediv                            0x08001340   Section       42  btod.o(CL$$btod_ediv)
    CL$$btod_emul                            0x0800136a   Section       42  btod.o(CL$$btod_emul)
    CL$$btod_mult_common                     0x08001394   Section      580  btod.o(CL$$btod_mult_common)
    i.BusFault_Handler                       0x080015d8   Section        0  stm32f10x_it.o(i.BusFault_Handler)
    i.DebugMon_Handler                       0x080015da   Section        0  stm32f10x_it.o(i.DebugMon_Handler)
    i.GBZK_GPIO_Config                       0x080015dc   Section        0  lcd_zk.o(i.GBZK_GPIO_Config)
    i.GBZK_ROMOUTRESET                       0x08001670   Section        0  lcd_zk.o(i.GBZK_ROMOUTRESET)
    i.GBZK_ROMOUTSET                         0x08001694   Section        0  lcd_zk.o(i.GBZK_ROMOUTSET)
    i.GPIO_Init                              0x080016b8   Section        0  stm32f10x_gpio.o(i.GPIO_Init)
    i.GPIO_ReadInputDataBit                  0x08001754   Section        0  stm32f10x_gpio.o(i.GPIO_ReadInputDataBit)
    i.GPIO_ResetBits                         0x08001762   Section        0  stm32f10x_gpio.o(i.GPIO_ResetBits)
    i.GPIO_SetBits                           0x08001766   Section        0  stm32f10x_gpio.o(i.GPIO_SetBits)
    i.Gps_Msg_Show                           0x0800176c   Section        0  main.o(i.Gps_Msg_Show)
    i.HardFault_Handler                      0x08001988   Section        0  stm32f10x_it.o(i.HardFault_Handler)
    i.MemManage_Handler                      0x0800198a   Section        0  stm32f10x_it.o(i.MemManage_Handler)
    i.NMI_Handler                            0x0800198c   Section        0  stm32f10x_it.o(i.NMI_Handler)
    i.NVIC_Init                              0x08001990   Section        0  misc.o(i.NVIC_Init)
    i.NVIC_PriorityGroupConfig               0x080019f4   Section        0  misc.o(i.NVIC_PriorityGroupConfig)
    i.PendSV_Handler                         0x08001a08   Section        0  stm32f10x_it.o(i.PendSV_Handler)
    i.RCC_APB1PeriphClockCmd                 0x08001a0c   Section        0  stm32f10x_rcc.o(i.RCC_APB1PeriphClockCmd)
    i.RCC_APB1PeriphResetCmd                 0x08001a24   Section        0  stm32f10x_rcc.o(i.RCC_APB1PeriphResetCmd)
    i.RCC_APB2PeriphClockCmd                 0x08001a3c   Section        0  stm32f10x_rcc.o(i.RCC_APB2PeriphClockCmd)
    i.RCC_APB2PeriphResetCmd                 0x08001a54   Section        0  stm32f10x_rcc.o(i.RCC_APB2PeriphResetCmd)
    i.RCC_GetClocksFreq                      0x08001a6c   Section        0  stm32f10x_rcc.o(i.RCC_GetClocksFreq)
    i.SVC_Handler                            0x08001b00   Section        0  stm32f10x_it.o(i.SVC_Handler)
    i.SetSysClockTo72                        0x08001b04   Section        0  system_stm32f10x.o(i.SetSysClockTo72)
    SetSysClockTo72                          0x08001b05   Thumb Code   160  system_stm32f10x.o(i.SetSysClockTo72)
    i.SkyTra_Cfg_Ack_Check                   0x08001bac   Section        0  gps.o(i.SkyTra_Cfg_Ack_Check)
    i.SkyTra_Cfg_Prt                         0x08001c0c   Section        0  gps.o(i.SkyTra_Cfg_Prt)
    i.SkyTra_Cfg_Rate                        0x08001c64   Section        0  gps.o(i.SkyTra_Cfg_Rate)
    i.SkyTra_Cfg_Tp                          0x08001ca0   Section        0  gps.o(i.SkyTra_Cfg_Tp)
    i.SkyTra_Send_Date                       0x08001cf0   Section        0  gps.o(i.SkyTra_Send_Date)
    i.SysTick_CLKSourceConfig                0x08001d14   Section        0  misc.o(i.SysTick_CLKSourceConfig)
    i.SysTick_Handler                        0x08001d2c   Section        0  stm32f10x_it.o(i.SysTick_Handler)
    i.SystemInit                             0x08001d30   Section        0  system_stm32f10x.o(i.SystemInit)
    i.TIM3_Int_Init                          0x08001d80   Section        0  timer.o(i.TIM3_Int_Init)
    i.TIM4_IRQHandler                        0x08001de0   Section        0  usmart.o(i.TIM4_IRQHandler)
    i.TIM7_IRQHandler                        0x08001e1c   Section        0  timer.o(i.TIM7_IRQHandler)
    i.TIM_ClearFlag                          0x08001e54   Section        0  stm32f10x_tim.o(i.TIM_ClearFlag)
    i.TIM_ClearITPendingBit                  0x08001e5a   Section        0  stm32f10x_tim.o(i.TIM_ClearITPendingBit)
    i.TIM_Cmd                                0x08001e60   Section        0  stm32f10x_tim.o(i.TIM_Cmd)
    i.TIM_GetCounter                         0x08001e74   Section        0  stm32f10x_tim.o(i.TIM_GetCounter)
    i.TIM_GetFlagStatus                      0x08001e78   Section        0  stm32f10x_tim.o(i.TIM_GetFlagStatus)
    i.TIM_GetITStatus                        0x08001e86   Section        0  stm32f10x_tim.o(i.TIM_GetITStatus)
    i.TIM_ITConfig                           0x08001e9e   Section        0  stm32f10x_tim.o(i.TIM_ITConfig)
    i.TIM_SetAutoreload                      0x08001eae   Section        0  stm32f10x_tim.o(i.TIM_SetAutoreload)
    i.TIM_SetCounter                         0x08001eb2   Section        0  stm32f10x_tim.o(i.TIM_SetCounter)
    i.TIM_TimeBaseInit                       0x08001eb8   Section        0  stm32f10x_tim.o(i.TIM_TimeBaseInit)
    i.Timer4_Init                            0x08001f54   Section        0  usmart.o(i.Timer4_Init)
    i.USART1_IRQHandler                      0x08001fb4   Section        0  usart.o(i.USART1_IRQHandler)
    i.USART3_IRQHandler                      0x08002018   Section        0  usart3.o(i.USART3_IRQHandler)
    i.USART_Cmd                              0x08002080   Section        0  stm32f10x_usart.o(i.USART_Cmd)
    i.USART_DeInit                           0x08002094   Section        0  stm32f10x_usart.o(i.USART_DeInit)
    i.USART_GetITStatus                      0x08002108   Section        0  stm32f10x_usart.o(i.USART_GetITStatus)
    i.USART_ITConfig                         0x08002146   Section        0  stm32f10x_usart.o(i.USART_ITConfig)
    i.USART_Init                             0x08002178   Section        0  stm32f10x_usart.o(i.USART_Init)
    i.USART_ReceiveData                      0x08002224   Section        0  stm32f10x_usart.o(i.USART_ReceiveData)
    i.UsageFault_Handler                     0x0800222c   Section        0  stm32f10x_it.o(i.UsageFault_Handler)
    i.__ARM_fpclassify                       0x0800222e   Section        0  fpclassify.o(i.__ARM_fpclassify)
    i._is_digit                              0x08002256   Section        0  __printf_wp.o(i._is_digit)
    i._sys_exit                              0x08002264   Section        0  usart.o(i._sys_exit)
    i.clear_screen                           0x08002268   Section        0  lcd_zk.o(i.clear_screen)
    i.delay                                  0x080022bc   Section        0  lcd_zk.o(i.delay)
    i.delay_init                             0x080022d4   Section        0  delay.o(i.delay_init)
    i.delay_ms                               0x08002310   Section        0  delay.o(i.delay_ms)
    i.display_graphic_5x7                    0x08002344   Section        0  lcd_zk.o(i.display_graphic_5x7)
    i.display_string_5x7                     0x0800239c   Section        0  lcd_zk.o(i.display_string_5x7)
    i.fputc                                  0x080023f8   Section        0  usart.o(i.fputc)
    i.get_n_bytes_data_from_ROM              0x08002410   Section        0  lcd_zk.o(i.get_n_bytes_data_from_ROM)
    i.initial_lcd                            0x080024d0   Section        0  lcd_zk.o(i.initial_lcd)
    i.main                                   0x080025a8   Section        0  main.o(i.main)
    i.read_addr                              0x080025ca   Section        0  usmart.o(i.read_addr)
    i.send_command_to_ROM                    0x080025d0   Section        0  lcd_zk.o(i.send_command_to_ROM)
    i.transfer_command_lcd                   0x08002614   Section        0  lcd_zk.o(i.transfer_command_lcd)
    i.transfer_data_lcd                      0x0800267c   Section        0  lcd_zk.o(i.transfer_data_lcd)
    i.uart_init                              0x080026e4   Section        0  usart.o(i.uart_init)
    i.usart3_init                            0x08002784   Section        0  usart3.o(i.usart3_init)
    i.usmart_cmd_rec                         0x08002850   Section        0  usmart.o(i.usmart_cmd_rec)
    i.usmart_exe                             0x080028e4   Section        0  usmart.o(i.usmart_exe)
    i.usmart_get_aparm                       0x08002b44   Section        0  usmart_str.o(i.usmart_get_aparm)
    i.usmart_get_cmdname                     0x08002be0   Section        0  usmart_str.o(i.usmart_get_cmdname)
    i.usmart_get_fname                       0x08002c10   Section        0  usmart_str.o(i.usmart_get_fname)
    i.usmart_get_fparam                      0x08002d78   Section        0  usmart_str.o(i.usmart_get_fparam)
    i.usmart_get_parmpos                     0x08002e48   Section        0  usmart_str.o(i.usmart_get_parmpos)
    i.usmart_get_runtime                     0x08002e6c   Section        0  usmart.o(i.usmart_get_runtime)
    i.usmart_init                            0x08002ea4   Section        0  usmart.o(i.usmart_init)
    i.usmart_pow                             0x08002ecc   Section        0  usmart_str.o(i.usmart_pow)
    i.usmart_reset_runtime                   0x08002edc   Section        0  usmart.o(i.usmart_reset_runtime)
    i.usmart_scan                            0x08002f0c   Section        0  usmart.o(i.usmart_scan)
    i.usmart_search_nextc                    0x08002fb0   Section        0  usmart_str.o(i.usmart_search_nextc)
    i.usmart_str2num                         0x08002fc0   Section        0  usmart_str.o(i.usmart_str2num)
    i.usmart_strcmp                          0x08003060   Section        0  usmart_str.o(i.usmart_strcmp)
    i.usmart_strcopy                         0x08003078   Section        0  usmart_str.o(i.usmart_strcopy)
    i.usmart_strlen                          0x0800308a   Section        0  usmart_str.o(i.usmart_strlen)
    i.usmart_sys_cmd_exe                     0x0800309c   Section        0  usmart.o(i.usmart_sys_cmd_exe)
    i.write_addr                             0x0800370c   Section        0  usmart.o(i.write_addr)
    locale$$code                             0x08003710   Section       44  lc_numeric_c.o(locale$$code)
    x$fpl$dretinf                            0x0800373c   Section       12  dretinf.o(x$fpl$dretinf)
    x$fpl$f2d                                0x08003748   Section       86  f2d.o(x$fpl$f2d)
    x$fpl$fdiv                               0x080037a0   Section      388  fdiv.o(x$fpl$fdiv)
    _fdiv1                                   0x080037a1   Thumb Code     0  fdiv.o(x$fpl$fdiv)
    x$fpl$fflt                               0x08003924   Section       48  fflt_clz.o(x$fpl$fflt)
    x$fpl$ffltu                              0x08003954   Section       38  fflt_clz.o(x$fpl$ffltu)
    x$fpl$fnaninf                            0x0800397a   Section      140  fnaninf.o(x$fpl$fnaninf)
    x$fpl$fretinf                            0x08003a06   Section       10  fretinf.o(x$fpl$fretinf)
    x$fpl$printf1                            0x08003a10   Section        4  printf1.o(x$fpl$printf1)
    .constdata                               0x08003a14   Section       36  gps.o(.constdata)
    x$fpl$usenofp                            0x08003a14   Section        0  usenofp.o(x$fpl$usenofp)
    .constdata                               0x08003a38   Section       40  _printf_hex_int_ll_ptr.o(.constdata)
    uc_hextab                                0x08003a38   Data          20  _printf_hex_int_ll_ptr.o(.constdata)
    lc_hextab                                0x08003a4c   Data          20  _printf_hex_int_ll_ptr.o(.constdata)
    .constdata                               0x08003a60   Section       17  __printf_flags_ss_wp.o(.constdata)
    maptable                                 0x08003a60   Data          17  __printf_flags_ss_wp.o(.constdata)
    .constdata                               0x08003a74   Section      148  bigflt0.o(.constdata)
    tenpwrs_x                                0x08003a74   Data          60  bigflt0.o(.constdata)
    tenpwrs_i                                0x08003ab0   Data          64  bigflt0.o(.constdata)
    .conststring                             0x08003b08   Section       21  main.o(.conststring)
    .conststring                             0x08003b20   Section       40  usmart.o(.conststring)
    .conststring                             0x08003b48   Section      148  usmart_config.o(.conststring)
    locale$$data                             0x08003bfc   Section       28  lc_numeric_c.o(locale$$data)
    __lcnum_c_name                           0x08003c00   Data           2  lc_numeric_c.o(locale$$data)
    __lcnum_c_start                          0x08003c08   Data           0  lc_numeric_c.o(locale$$data)
    __lcnum_c_point                          0x08003c14   Data           0  lc_numeric_c.o(locale$$data)
    __lcnum_c_thousands                      0x08003c16   Data           0  lc_numeric_c.o(locale$$data)
    __lcnum_c_grouping                       0x08003c17   Data           0  lc_numeric_c.o(locale$$data)
    __lcnum_c_end                            0x08003c18   Data           0  lc_numeric_c.o(locale$$data)
    .data                                    0x20000000   Section       16  main.o(.data)
    .data                                    0x20000010   Section       20  system_stm32f10x.o(.data)
    .data                                    0x20000024   Section        2  usart3.o(.data)
    .data                                    0x20000028   Section        4  lcd_zk.o(.data)
    .data                                    0x2000002c   Section        4  delay.o(.data)
    fac_us                                   0x2000002c   Data           1  delay.o(.data)
    fac_ms                                   0x2000002e   Data           2  delay.o(.data)
    .data                                    0x20000030   Section        2  usart.o(.data)
    .data                                    0x20000034   Section        4  usart.o(.data)
    .data                                    0x20000038   Section       20  stm32f10x_rcc.o(.data)
    ADCPrescTable                            0x20000038   Data           4  stm32f10x_rcc.o(.data)
    APBAHBPrescTable                         0x2000003c   Data          16  stm32f10x_rcc.o(.data)
    .data                                    0x2000004c   Section       28  usmart.o(.data)
    .data                                    0x20000068   Section       40  usmart_config.o(.data)
    .data                                    0x20000090   Section      244  usmart_config.o(.data)
    .bss                                     0x20000184   Section      218  main.o(.bss)
    .bss                                     0x2000025e   Section     1200  usart3.o(.bss)
    .bss                                     0x2000070e   Section      200  usart.o(.bss)
    .bss                                     0x200007d8   Section       96  libspace.o(.bss)
    HEAP                                     0x20000838   Section      512  startup_stm32f10x_hd.o(HEAP)
    Heap_Mem                                 0x20000838   Data         512  startup_stm32f10x_hd.o(HEAP)
    STACK                                    0x20000a38   Section     1024  startup_stm32f10x_hd.o(STACK)
    Stack_Mem                                0x20000a38   Data        1024  startup_stm32f10x_hd.o(STACK)
    __initial_sp                             0x20000e38   Data           0  startup_stm32f10x_hd.o(STACK)

    Global Symbols

    Symbol Name                              Value     Ov Type        Size  Object(Section)

    BuildAttributes$$THM_ISAv4$P$D$K$B$S$PE$A:L22UL41UL21$X:L11$S22US41US21$IEEE1$IW$USESV6$~STKCKD$USESV7$~SHL$OTIME$ROPI$IEEEJ$EBA8$UX$STANDARDLIB$REQ8$PRES8$EABIv2 0x00000000   Number         0  anon$$obj.o ABSOLUTE
    __ARM_use_no_argv                        0x00000000   Number         0  main.o ABSOLUTE
    _printf_flags                            0x00000000   Number         0  printf_stubs.o ABSOLUTE
    _printf_return_value                     0x00000000   Number         0  printf_stubs.o ABSOLUTE
    _printf_sizespec                         0x00000000   Number         0  printf_stubs.o ABSOLUTE
    _printf_widthprec                        0x00000000   Number         0  printf_stubs.o ABSOLUTE
    __ARM_exceptions_init                     - Undefined Weak Reference
    __alloca_initialize                       - Undefined Weak Reference
    __arm_preinit_                            - Undefined Weak Reference
    __cpp_initialize__aeabi_                  - Undefined Weak Reference
    __cxa_finalize                            - Undefined Weak Reference
    __sigvec_lookup                           - Undefined Weak Reference
    _atexit_init                              - Undefined Weak Reference
    _call_atexit_fns                          - Undefined Weak Reference
    _clock_init                               - Undefined Weak Reference
    _fp_trap_init                             - Undefined Weak Reference
    _fp_trap_shutdown                         - Undefined Weak Reference
    _get_lc_collate                           - Undefined Weak Reference
    _get_lc_monetary                          - Undefined Weak Reference
    _get_lc_time                              - Undefined Weak Reference
    _getenv_init                              - Undefined Weak Reference
    _handle_redirection                       - Undefined Weak Reference
    _init_alloc                               - Undefined Weak Reference
    _init_user_alloc                          - Undefined Weak Reference
    _initio                                   - Undefined Weak Reference
    _mutex_acquire                            - Undefined Weak Reference
    _mutex_release                            - Undefined Weak Reference
    _printf_fp_hex                            - Undefined Weak Reference
    _printf_mbtowc                            - Undefined Weak Reference
    _printf_wc                                - Undefined Weak Reference
    _rand_init                                - Undefined Weak Reference
    _signal_finish                            - Undefined Weak Reference
    _signal_init                              - Undefined Weak Reference
    _terminate_alloc                          - Undefined Weak Reference
    _terminate_user_alloc                     - Undefined Weak Reference
    _terminateio                              - Undefined Weak Reference
    __Vectors_Size                           0x00000130   Number         0  startup_stm32f10x_hd.o ABSOLUTE
    __Vectors                                0x08000000   Data           4  startup_stm32f10x_hd.o(RESET)
    __Vectors_End                            0x08000130   Data           0  startup_stm32f10x_hd.o(RESET)
    __main                                   0x08000131   Thumb Code     8  __main.o(!!!main)
    __scatterload                            0x08000139   Thumb Code     0  __scatter.o(!!!scatter)
    __scatterload_rt2                        0x08000139   Thumb Code    44  __scatter.o(!!!scatter)
    __scatterload_rt2_thumb_only             0x08000139   Thumb Code     0  __scatter.o(!!!scatter)
    __scatterload_null                       0x08000147   Thumb Code     0  __scatter.o(!!!scatter)
    __decompress                             0x0800016d   Thumb Code    90  __dczerorl2.o(!!dczerorl2)
    __decompress1                            0x0800016d   Thumb Code     0  __dczerorl2.o(!!dczerorl2)
    __scatterload_zeroinit                   0x080001c9   Thumb Code    28  __scatter_zi.o(!!handler_zi)
    _printf_f                                0x080001e5   Thumb Code     0  _printf_f.o(.ARM.Collect$$_printf_percent$$00000003)
    _printf_percent                          0x080001e5   Thumb Code     0  _printf_percent.o(.ARM.Collect$$_printf_percent$$00000000)
    _printf_d                                0x080001eb   Thumb Code     0  _printf_d.o(.ARM.Collect$$_printf_percent$$00000009)
    _printf_u                                0x080001f1   Thumb Code     0  _printf_u.o(.ARM.Collect$$_printf_percent$$0000000A)
    _printf_x                                0x080001f7   Thumb Code     0  _printf_x.o(.ARM.Collect$$_printf_percent$$0000000C)
    _printf_c                                0x080001fd   Thumb Code     0  _printf_c.o(.ARM.Collect$$_printf_percent$$00000013)
    _printf_s                                0x08000203   Thumb Code     0  _printf_s.o(.ARM.Collect$$_printf_percent$$00000014)
    _printf_percent_end                      0x08000209   Thumb Code     0  _printf_percent_end.o(.ARM.Collect$$_printf_percent$$00000017)
    __rt_lib_init                            0x0800020d   Thumb Code     0  libinit.o(.ARM.Collect$$libinit$$00000000)
    __rt_lib_init_fp_1                       0x0800020f   Thumb Code     0  libinit2.o(.ARM.Collect$$libinit$$00000002)
    __rt_lib_init_heap_1                     0x0800020f   Thumb Code     0  libinit2.o(.ARM.Collect$$libinit$$0000000A)
    __rt_lib_init_lc_common                  0x0800020f   Thumb Code     0  libinit2.o(.ARM.Collect$$libinit$$0000000F)
    __rt_lib_init_preinit_1                  0x0800020f   Thumb Code     0  libinit2.o(.ARM.Collect$$libinit$$00000004)
    __rt_lib_init_rand_1                     0x0800020f   Thumb Code     0  libinit2.o(.ARM.Collect$$libinit$$0000000E)
    __rt_lib_init_user_alloc_1               0x0800020f   Thumb Code     0  libinit2.o(.ARM.Collect$$libinit$$0000000C)
    __rt_lib_init_lc_collate_1               0x08000215   Thumb Code     0  libinit2.o(.ARM.Collect$$libinit$$00000011)
    __rt_lib_init_lc_ctype_1                 0x08000215   Thumb Code     0  libinit2.o(.ARM.Collect$$libinit$$00000013)
    __rt_lib_init_lc_monetary_1              0x08000215   Thumb Code     0  libinit2.o(.ARM.Collect$$libinit$$00000015)
    __rt_lib_init_lc_numeric_2               0x08000215   Thumb Code     0  libinit2.o(.ARM.Collect$$libinit$$00000016)
    __rt_lib_init_alloca_1                   0x0800021f   Thumb Code     0  libinit2.o(.ARM.Collect$$libinit$$0000002E)
    __rt_lib_init_argv_1                     0x0800021f   Thumb Code     0  libinit2.o(.ARM.Collect$$libinit$$0000002C)
    __rt_lib_init_atexit_1                   0x0800021f   Thumb Code     0  libinit2.o(.ARM.Collect$$libinit$$0000001B)
    __rt_lib_init_clock_1                    0x0800021f   Thumb Code     0  libinit2.o(.ARM.Collect$$libinit$$00000021)
    __rt_lib_init_cpp_1                      0x0800021f   Thumb Code     0  libinit2.o(.ARM.Collect$$libinit$$00000032)
    __rt_lib_init_exceptions_1               0x0800021f   Thumb Code     0  libinit2.o(.ARM.Collect$$libinit$$00000030)
    __rt_lib_init_fp_trap_1                  0x0800021f   Thumb Code     0  libinit2.o(.ARM.Collect$$libinit$$0000001F)
    __rt_lib_init_getenv_1                   0x0800021f   Thumb Code     0  libinit2.o(.ARM.Collect$$libinit$$00000023)
    __rt_lib_init_lc_numeric_1               0x0800021f   Thumb Code     0  libinit2.o(.ARM.Collect$$libinit$$00000017)
    __rt_lib_init_lc_time_1                  0x0800021f   Thumb Code     0  libinit2.o(.ARM.Collect$$libinit$$00000019)
    __rt_lib_init_return                     0x0800021f   Thumb Code     0  libinit2.o(.ARM.Collect$$libinit$$00000033)
    __rt_lib_init_signal_1                   0x0800021f   Thumb Code     0  libinit2.o(.ARM.Collect$$libinit$$0000001D)
    __rt_lib_init_stdio_1                    0x0800021f   Thumb Code     0  libinit2.o(.ARM.Collect$$libinit$$00000025)
    __rt_lib_shutdown                        0x08000221   Thumb Code     0  libshutdown.o(.ARM.Collect$$libshutdown$$00000000)
    __rt_lib_shutdown_cpp_1                  0x08000223   Thumb Code     0  libshutdown2.o(.ARM.Collect$$libshutdown$$00000002)
    __rt_lib_shutdown_fp_trap_1              0x08000223   Thumb Code     0  libshutdown2.o(.ARM.Collect$$libshutdown$$00000007)
    __rt_lib_shutdown_heap_1                 0x08000223   Thumb Code     0  libshutdown2.o(.ARM.Collect$$libshutdown$$0000000F)
    __rt_lib_shutdown_return                 0x08000223   Thumb Code     0  libshutdown2.o(.ARM.Collect$$libshutdown$$00000010)
    __rt_lib_shutdown_signal_1               0x08000223   Thumb Code     0  libshutdown2.o(.ARM.Collect$$libshutdown$$0000000A)
    __rt_lib_shutdown_stdio_1                0x08000223   Thumb Code     0  libshutdown2.o(.ARM.Collect$$libshutdown$$00000004)
    __rt_lib_shutdown_user_alloc_1           0x08000223   Thumb Code     0  libshutdown2.o(.ARM.Collect$$libshutdown$$0000000C)
    __rt_entry                               0x08000225   Thumb Code     0  __rtentry.o(.ARM.Collect$$rtentry$$00000000)
    __rt_entry_presh_1                       0x08000225   Thumb Code     0  __rtentry2.o(.ARM.Collect$$rtentry$$00000002)
    __rt_entry_sh                            0x08000225   Thumb Code     0  __rtentry4.o(.ARM.Collect$$rtentry$$00000004)
    __rt_entry_li                            0x0800022b   Thumb Code     0  __rtentry2.o(.ARM.Collect$$rtentry$$0000000A)
    __rt_entry_postsh_1                      0x0800022b   Thumb Code     0  __rtentry2.o(.ARM.Collect$$rtentry$$00000009)
    __rt_entry_main                          0x0800022f   Thumb Code     0  __rtentry2.o(.ARM.Collect$$rtentry$$0000000D)
    __rt_entry_postli_1                      0x0800022f   Thumb Code     0  __rtentry2.o(.ARM.Collect$$rtentry$$0000000C)
    __rt_exit                                0x08000237   Thumb Code     0  rtexit.o(.ARM.Collect$$rtexit$$00000000)
    __rt_exit_ls                             0x08000239   Thumb Code     0  rtexit2.o(.ARM.Collect$$rtexit$$00000003)
    __rt_exit_prels_1                        0x08000239   Thumb Code     0  rtexit2.o(.ARM.Collect$$rtexit$$00000002)
    __rt_exit_exit                           0x0800023d   Thumb Code     0  rtexit2.o(.ARM.Collect$$rtexit$$00000004)
    Reset_Handler                            0x08000245   Thumb Code     8  startup_stm32f10x_hd.o(.text)
    ADC1_2_IRQHandler                        0x0800025f   Thumb Code     0  startup_stm32f10x_hd.o(.text)
    ADC3_IRQHandler                          0x0800025f   Thumb Code     0  startup_stm32f10x_hd.o(.text)
    CAN1_RX1_IRQHandler                      0x0800025f   Thumb Code     0  startup_stm32f10x_hd.o(.text)
    CAN1_SCE_IRQHandler                      0x0800025f   Thumb Code     0  startup_stm32f10x_hd.o(.text)
    DMA1_Channel1_IRQHandler                 0x0800025f   Thumb Code     0  startup_stm32f10x_hd.o(.text)
    DMA1_Channel2_IRQHandler                 0x0800025f   Thumb Code     0  startup_stm32f10x_hd.o(.text)
    DMA1_Channel3_IRQHandler                 0x0800025f   Thumb Code     0  startup_stm32f10x_hd.o(.text)
    DMA1_Channel4_IRQHandler                 0x0800025f   Thumb Code     0  startup_stm32f10x_hd.o(.text)
    DMA1_Channel5_IRQHandler                 0x0800025f   Thumb Code     0  startup_stm32f10x_hd.o(.text)
    DMA1_Channel6_IRQHandler                 0x0800025f   Thumb Code     0  startup_stm32f10x_hd.o(.text)
    DMA1_Channel7_IRQHandler                 0x0800025f   Thumb Code     0  startup_stm32f10x_hd.o(.text)
    DMA2_Channel1_IRQHandler                 0x0800025f   Thumb Code     0  startup_stm32f10x_hd.o(.text)
    DMA2_Channel2_IRQHandler                 0x0800025f   Thumb Code     0  startup_stm32f10x_hd.o(.text)
    DMA2_Channel3_IRQHandler                 0x0800025f   Thumb Code     0  startup_stm32f10x_hd.o(.text)
    DMA2_Channel4_5_IRQHandler               0x0800025f   Thumb Code     0  startup_stm32f10x_hd.o(.text)
    EXTI0_IRQHandler                         0x0800025f   Thumb Code     0  startup_stm32f10x_hd.o(.text)
    EXTI15_10_IRQHandler                     0x0800025f   Thumb Code     0  startup_stm32f10x_hd.o(.text)
    EXTI1_IRQHandler                         0x0800025f   Thumb Code     0  startup_stm32f10x_hd.o(.text)
    EXTI2_IRQHandler                         0x0800025f   Thumb Code     0  startup_stm32f10x_hd.o(.text)
    EXTI3_IRQHandler                         0x0800025f   Thumb Code     0  startup_stm32f10x_hd.o(.text)
    EXTI4_IRQHandler                         0x0800025f   Thumb Code     0  startup_stm32f10x_hd.o(.text)
    EXTI9_5_IRQHandler                       0x0800025f   Thumb Code     0  startup_stm32f10x_hd.o(.text)
    FLASH_IRQHandler                         0x0800025f   Thumb Code     0  startup_stm32f10x_hd.o(.text)
    FSMC_IRQHandler                          0x0800025f   Thumb Code     0  startup_stm32f10x_hd.o(.text)
    I2C1_ER_IRQHandler                       0x0800025f   Thumb Code     0  startup_stm32f10x_hd.o(.text)
    I2C1_EV_IRQHandler                       0x0800025f   Thumb Code     0  startup_stm32f10x_hd.o(.text)
    I2C2_ER_IRQHandler                       0x0800025f   Thumb Code     0  startup_stm32f10x_hd.o(.text)
    I2C2_EV_IRQHandler                       0x0800025f   Thumb Code     0  startup_stm32f10x_hd.o(.text)
    PVD_IRQHandler                           0x0800025f   Thumb Code     0  startup_stm32f10x_hd.o(.text)
    RCC_IRQHandler                           0x0800025f   Thumb Code     0  startup_stm32f10x_hd.o(.text)
    RTCAlarm_IRQHandler                      0x0800025f   Thumb Code     0  startup_stm32f10x_hd.o(.text)
    RTC_IRQHandler                           0x0800025f   Thumb Code     0  startup_stm32f10x_hd.o(.text)
    SDIO_IRQHandler                          0x0800025f   Thumb Code     0  startup_stm32f10x_hd.o(.text)
    SPI1_IRQHandler                          0x0800025f   Thumb Code     0  startup_stm32f10x_hd.o(.text)
    SPI2_IRQHandler                          0x0800025f   Thumb Code     0  startup_stm32f10x_hd.o(.text)
    SPI3_IRQHandler                          0x0800025f   Thumb Code     0  startup_stm32f10x_hd.o(.text)
    TAMPER_IRQHandler                        0x0800025f   Thumb Code     0  startup_stm32f10x_hd.o(.text)
    TIM1_BRK_IRQHandler                      0x0800025f   Thumb Code     0  startup_stm32f10x_hd.o(.text)
    TIM1_CC_IRQHandler                       0x0800025f   Thumb Code     0  startup_stm32f10x_hd.o(.text)
    TIM1_TRG_COM_IRQHandler                  0x0800025f   Thumb Code     0  startup_stm32f10x_hd.o(.text)
    TIM1_UP_IRQHandler                       0x0800025f   Thumb Code     0  startup_stm32f10x_hd.o(.text)
    TIM2_IRQHandler                          0x0800025f   Thumb Code     0  startup_stm32f10x_hd.o(.text)
    TIM3_IRQHandler                          0x0800025f   Thumb Code     0  startup_stm32f10x_hd.o(.text)
    TIM5_IRQHandler                          0x0800025f   Thumb Code     0  startup_stm32f10x_hd.o(.text)
    TIM6_IRQHandler                          0x0800025f   Thumb Code     0  startup_stm32f10x_hd.o(.text)
    TIM8_BRK_IRQHandler                      0x0800025f   Thumb Code     0  startup_stm32f10x_hd.o(.text)
    TIM8_CC_IRQHandler                       0x0800025f   Thumb Code     0  startup_stm32f10x_hd.o(.text)
    TIM8_TRG_COM_IRQHandler                  0x0800025f   Thumb Code     0  startup_stm32f10x_hd.o(.text)
    TIM8_UP_IRQHandler                       0x0800025f   Thumb Code     0  startup_stm32f10x_hd.o(.text)
    UART4_IRQHandler                         0x0800025f   Thumb Code     0  startup_stm32f10x_hd.o(.text)
    UART5_IRQHandler                         0x0800025f   Thumb Code     0  startup_stm32f10x_hd.o(.text)
    USART2_IRQHandler                        0x0800025f   Thumb Code     0  startup_stm32f10x_hd.o(.text)
    USBWakeUp_IRQHandler                     0x0800025f   Thumb Code     0  startup_stm32f10x_hd.o(.text)
    USB_HP_CAN1_TX_IRQHandler                0x0800025f   Thumb Code     0  startup_stm32f10x_hd.o(.text)
    USB_LP_CAN1_RX0_IRQHandler               0x0800025f   Thumb Code     0  startup_stm32f10x_hd.o(.text)
    WWDG_IRQHandler                          0x0800025f   Thumb Code     0  startup_stm32f10x_hd.o(.text)
    __user_initial_stackheap                 0x08000261   Thumb Code     0  startup_stm32f10x_hd.o(.text)
    __use_no_semihosting                     0x08000285   Thumb Code     2  use_no_semi_2.o(.text)
    __2printf                                0x08000289   Thumb Code    20  __2printf.o(.text)
    __2sprintf                               0x080002a1   Thumb Code    38  __2sprintf.o(.text)
    _printf_pre_padding                      0x080002cd   Thumb Code    44  _printf_pad.o(.text)
    _printf_post_padding                     0x080002f9   Thumb Code    34  _printf_pad.o(.text)
    _printf_str                              0x0800031b   Thumb Code    82  _printf_str.o(.text)
    _printf_int_dec                          0x0800036d   Thumb Code   104  _printf_dec.o(.text)
    _printf_longlong_hex                     0x080003e5   Thumb Code    86  _printf_hex_int_ll_ptr.o(.text)
    _printf_int_hex                          0x0800043b   Thumb Code    28  _printf_hex_int_ll_ptr.o(.text)
    _printf_ll_hex                           0x08000457   Thumb Code    12  _printf_hex_int_ll_ptr.o(.text)
    _printf_hex_ptr                          0x08000463   Thumb Code    18  _printf_hex_int_ll_ptr.o(.text)
    __printf                                 0x08000479   Thumb Code   388  __printf_flags_ss_wp.o(.text)
    __use_two_region_memory                  0x08000601   Thumb Code     2  heapauxi.o(.text)
    __rt_heap_escrow$2region                 0x08000603   Thumb Code     2  heapauxi.o(.text)
    __rt_heap_expand$2region                 0x08000605   Thumb Code     2  heapauxi.o(.text)
    __I$use$semihosting                      0x08000607   Thumb Code     0  use_no_semi.o(.text)
    __use_no_semihosting_swi                 0x08000607   Thumb Code     2  use_no_semi.o(.text)
    _printf_int_common                       0x08000609   Thumb Code   178  _printf_intcommon.o(.text)
    __lib_sel_fp_printf                      0x080006bb   Thumb Code     2  _printf_fp_dec.o(.text)
    _printf_fp_dec_real                      0x0800086d   Thumb Code   620  _printf_fp_dec.o(.text)
    _printf_char_common                      0x08000ae3   Thumb Code    32  _printf_char_common.o(.text)
    _sputc                                   0x08000b09   Thumb Code    10  _sputc.o(.text)
    _printf_cs_common                        0x08000b13   Thumb Code    20  _printf_char.o(.text)
    _printf_char                             0x08000b27   Thumb Code    16  _printf_char.o(.text)
    _printf_string                           0x08000b37   Thumb Code     8  _printf_char.o(.text)
    _printf_char_file                        0x08000b41   Thumb Code    32  _printf_char_file.o(.text)
    __rt_locale                              0x08000b65   Thumb Code     8  rt_locale_intlibspace.o(.text)
    _ll_udiv10                               0x08000b6d   Thumb Code   138  lludiv10.o(.text)
    _printf_fp_infnan                        0x08000bf9   Thumb Code   112  _printf_fp_infnan.o(.text)
    _btod_etento                             0x08000c79   Thumb Code   224  bigflt0.o(.text)
    ferror                                   0x08000d5d   Thumb Code     8  ferror.o(.text)
    __user_libspace                          0x08000d65   Thumb Code     8  libspace.o(.text)
    __user_perproc_libspace                  0x08000d65   Thumb Code     0  libspace.o(.text)
    __user_perthread_libspace                0x08000d65   Thumb Code     0  libspace.o(.text)
    __user_setup_stackheap                   0x08000d6d   Thumb Code    74  sys_stackheap_outer.o(.text)
    exit                                     0x08000db7   Thumb Code    18  exit.o(.text)
    strcmp                                   0x08000dc9   Thumb Code   128  strcmpv7m.o(.text)
    _btod_d2e                                0x08000e49   Thumb Code    62  btod.o(CL$$btod_d2e)
    _d2e_denorm_low                          0x08000e87   Thumb Code    70  btod.o(CL$$btod_d2e_denorm_low)
    _d2e_norm_op1                            0x08000ecd   Thumb Code    96  btod.o(CL$$btod_d2e_norm_op1)
    __btod_div_common                        0x08000f2d   Thumb Code   696  btod.o(CL$$btod_div_common)
    _e2e                                     0x08001265   Thumb Code   220  btod.o(CL$$btod_e2e)
    _btod_ediv                               0x08001341   Thumb Code    42  btod.o(CL$$btod_ediv)
    _btod_emul                               0x0800136b   Thumb Code    42  btod.o(CL$$btod_emul)
    __btod_mult_common                       0x08001395   Thumb Code   580  btod.o(CL$$btod_mult_common)
    BusFault_Handler                         0x080015d9   Thumb Code     2  stm32f10x_it.o(i.BusFault_Handler)
    DebugMon_Handler                         0x080015db   Thumb Code     2  stm32f10x_it.o(i.DebugMon_Handler)
    GBZK_GPIO_Config                         0x080015dd   Thumb Code   140  lcd_zk.o(i.GBZK_GPIO_Config)
    GBZK_ROMOUTRESET                         0x08001671   Thumb Code    30  lcd_zk.o(i.GBZK_ROMOUTRESET)
    GBZK_ROMOUTSET                           0x08001695   Thumb Code    30  lcd_zk.o(i.GBZK_ROMOUTSET)
    GPIO_Init                                0x080016b9   Thumb Code   156  stm32f10x_gpio.o(i.GPIO_Init)
    GPIO_ReadInputDataBit                    0x08001755   Thumb Code    14  stm32f10x_gpio.o(i.GPIO_ReadInputDataBit)
    GPIO_ResetBits                           0x08001763   Thumb Code     4  stm32f10x_gpio.o(i.GPIO_ResetBits)
    GPIO_SetBits                             0x08001767   Thumb Code     4  stm32f10x_gpio.o(i.GPIO_SetBits)
    Gps_Msg_Show                             0x0800176d   Thumb Code   278  main.o(i.Gps_Msg_Show)
    HardFault_Handler                        0x08001989   Thumb Code     2  stm32f10x_it.o(i.HardFault_Handler)
    MemManage_Handler                        0x0800198b   Thumb Code     2  stm32f10x_it.o(i.MemManage_Handler)
    NMI_Handler                              0x0800198d   Thumb Code     2  stm32f10x_it.o(i.NMI_Handler)
    NVIC_Init                                0x08001991   Thumb Code    94  misc.o(i.NVIC_Init)
    NVIC_PriorityGroupConfig                 0x080019f5   Thumb Code    10  misc.o(i.NVIC_PriorityGroupConfig)
    PendSV_Handler                           0x08001a09   Thumb Code     2  stm32f10x_it.o(i.PendSV_Handler)
    RCC_APB1PeriphClockCmd                   0x08001a0d   Thumb Code    18  stm32f10x_rcc.o(i.RCC_APB1PeriphClockCmd)
    RCC_APB1PeriphResetCmd                   0x08001a25   Thumb Code    18  stm32f10x_rcc.o(i.RCC_APB1PeriphResetCmd)
    RCC_APB2PeriphClockCmd                   0x08001a3d   Thumb Code    18  stm32f10x_rcc.o(i.RCC_APB2PeriphClockCmd)
    RCC_APB2PeriphResetCmd                   0x08001a55   Thumb Code    18  stm32f10x_rcc.o(i.RCC_APB2PeriphResetCmd)
    RCC_GetClocksFreq                        0x08001a6d   Thumb Code   132  stm32f10x_rcc.o(i.RCC_GetClocksFreq)
    SVC_Handler                              0x08001b01   Thumb Code     2  stm32f10x_it.o(i.SVC_Handler)
    SkyTra_Cfg_Ack_Check                     0x08001bad   Thumb Code    88  gps.o(i.SkyTra_Cfg_Ack_Check)
    SkyTra_Cfg_Prt                           0x08001c0d   Thumb Code    78  gps.o(i.SkyTra_Cfg_Prt)
    SkyTra_Cfg_Rate                          0x08001c65   Thumb Code    56  gps.o(i.SkyTra_Cfg_Rate)
    SkyTra_Cfg_Tp                            0x08001ca1   Thumb Code    76  gps.o(i.SkyTra_Cfg_Tp)
    SkyTra_Send_Date                         0x08001cf1   Thumb Code    30  gps.o(i.SkyTra_Send_Date)
    SysTick_CLKSourceConfig                  0x08001d15   Thumb Code    24  misc.o(i.SysTick_CLKSourceConfig)
    SysTick_Handler                          0x08001d2d   Thumb Code     2  stm32f10x_it.o(i.SysTick_Handler)
    SystemInit                               0x08001d31   Thumb Code    64  system_stm32f10x.o(i.SystemInit)
    TIM3_Int_Init                            0x08001d81   Thumb Code    90  timer.o(i.TIM3_Int_Init)
    TIM4_IRQHandler                          0x08001de1   Thumb Code    50  usmart.o(i.TIM4_IRQHandler)
    TIM7_IRQHandler                          0x08001e1d   Thumb Code    48  timer.o(i.TIM7_IRQHandler)
    TIM_ClearFlag                            0x08001e55   Thumb Code     6  stm32f10x_tim.o(i.TIM_ClearFlag)
    TIM_ClearITPendingBit                    0x08001e5b   Thumb Code     6  stm32f10x_tim.o(i.TIM_ClearITPendingBit)
    TIM_Cmd                                  0x08001e61   Thumb Code    20  stm32f10x_tim.o(i.TIM_Cmd)
    TIM_GetCounter                           0x08001e75   Thumb Code     4  stm32f10x_tim.o(i.TIM_GetCounter)
    TIM_GetFlagStatus                        0x08001e79   Thumb Code    14  stm32f10x_tim.o(i.TIM_GetFlagStatus)
    TIM_GetITStatus                          0x08001e87   Thumb Code    24  stm32f10x_tim.o(i.TIM_GetITStatus)
    TIM_ITConfig                             0x08001e9f   Thumb Code    16  stm32f10x_tim.o(i.TIM_ITConfig)
    TIM_SetAutoreload                        0x08001eaf   Thumb Code     4  stm32f10x_tim.o(i.TIM_SetAutoreload)
    TIM_SetCounter                           0x08001eb3   Thumb Code     4  stm32f10x_tim.o(i.TIM_SetCounter)
    TIM_TimeBaseInit                         0x08001eb9   Thumb Code   114  stm32f10x_tim.o(i.TIM_TimeBaseInit)
    Timer4_Init                              0x08001f55   Thumb Code    90  usmart.o(i.Timer4_Init)
    USART1_IRQHandler                        0x08001fb5   Thumb Code    88  usart.o(i.USART1_IRQHandler)
    USART3_IRQHandler                        0x08002019   Thumb Code    88  usart3.o(i.USART3_IRQHandler)
    USART_Cmd                                0x08002081   Thumb Code    20  stm32f10x_usart.o(i.USART_Cmd)
    USART_DeInit                             0x08002095   Thumb Code    96  stm32f10x_usart.o(i.USART_DeInit)
    USART_GetITStatus                        0x08002109   Thumb Code    62  stm32f10x_usart.o(i.USART_GetITStatus)
    USART_ITConfig                           0x08002147   Thumb Code    48  stm32f10x_usart.o(i.USART_ITConfig)
    USART_Init                               0x08002179   Thumb Code   166  stm32f10x_usart.o(i.USART_Init)
    USART_ReceiveData                        0x08002225   Thumb Code     8  stm32f10x_usart.o(i.USART_ReceiveData)
    UsageFault_Handler                       0x0800222d   Thumb Code     2  stm32f10x_it.o(i.UsageFault_Handler)
    __ARM_fpclassify                         0x0800222f   Thumb Code    40  fpclassify.o(i.__ARM_fpclassify)
    _is_digit                                0x08002257   Thumb Code    14  __printf_wp.o(i._is_digit)
    _sys_exit                                0x08002265   Thumb Code     2  usart.o(i._sys_exit)
    clear_screen                             0x08002269   Thumb Code    78  lcd_zk.o(i.clear_screen)
    delay                                    0x080022bd   Thumb Code    24  lcd_zk.o(i.delay)
    delay_init                               0x080022d5   Thumb Code    46  delay.o(i.delay_init)
    delay_ms                                 0x08002311   Thumb Code    46  delay.o(i.delay_ms)
    display_graphic_5x7                      0x08002345   Thumb Code    84  lcd_zk.o(i.display_graphic_5x7)
    display_string_5x7                       0x0800239d   Thumb Code    82  lcd_zk.o(i.display_string_5x7)
    fputc                                    0x080023f9   Thumb Code    18  usart.o(i.fputc)
    get_n_bytes_data_from_ROM                0x08002411   Thumb Code   182  lcd_zk.o(i.get_n_bytes_data_from_ROM)
    initial_lcd                              0x080024d1   Thumb Code   212  lcd_zk.o(i.initial_lcd)
    main                                     0x080025a9   Thumb Code    34  main.o(i.main)
    read_addr                                0x080025cb   Thumb Code     4  usmart.o(i.read_addr)
    send_command_to_ROM                      0x080025d1   Thumb Code    64  lcd_zk.o(i.send_command_to_ROM)
    transfer_command_lcd                     0x08002615   Thumb Code    96  lcd_zk.o(i.transfer_command_lcd)
    transfer_data_lcd                        0x0800267d   Thumb Code    96  lcd_zk.o(i.transfer_data_lcd)
    uart_init                                0x080026e5   Thumb Code   152  usart.o(i.uart_init)
    usart3_init                              0x08002785   Thumb Code   188  usart3.o(i.usart3_init)
    usmart_cmd_rec                           0x08002851   Thumb Code   144  usmart.o(i.usmart_cmd_rec)
    usmart_exe                               0x080028e5   Thumb Code   510  usmart.o(i.usmart_exe)
    usmart_get_aparm                         0x08002b45   Thumb Code   156  usmart_str.o(i.usmart_get_aparm)
    usmart_get_cmdname                       0x08002be1   Thumb Code    46  usmart_str.o(i.usmart_get_cmdname)
    usmart_get_fname                         0x08002c11   Thumb Code   352  usmart_str.o(i.usmart_get_fname)
    usmart_get_fparam                        0x08002d79   Thumb Code   202  usmart_str.o(i.usmart_get_fparam)
    usmart_get_parmpos                       0x08002e49   Thumb Code    30  usmart_str.o(i.usmart_get_parmpos)
    usmart_get_runtime                       0x08002e6d   Thumb Code    48  usmart.o(i.usmart_get_runtime)
    usmart_init                              0x08002ea5   Thumb Code    36  usmart.o(i.usmart_init)
    usmart_pow                               0x08002ecd   Thumb Code    16  usmart_str.o(i.usmart_pow)
    usmart_reset_runtime                     0x08002edd   Thumb Code    40  usmart.o(i.usmart_reset_runtime)
    usmart_scan                              0x08002f0d   Thumb Code    94  usmart.o(i.usmart_scan)
    usmart_search_nextc                      0x08002fb1   Thumb Code    16  usmart_str.o(i.usmart_search_nextc)
    usmart_str2num                           0x08002fc1   Thumb Code   160  usmart_str.o(i.usmart_str2num)
    usmart_strcmp                            0x08003061   Thumb Code    24  usmart_str.o(i.usmart_strcmp)
    usmart_strcopy                           0x08003079   Thumb Code    18  usmart_str.o(i.usmart_strcopy)
    usmart_strlen                            0x0800308b   Thumb Code    18  usmart_str.o(i.usmart_strlen)
    usmart_sys_cmd_exe                       0x0800309d   Thumb Code  1442  usmart.o(i.usmart_sys_cmd_exe)
    write_addr                               0x0800370d   Thumb Code     4  usmart.o(i.write_addr)
    _get_lc_numeric                          0x08003711   Thumb Code    44  lc_numeric_c.o(locale$$code)
    __fpl_dretinf                            0x0800373d   Thumb Code    12  dretinf.o(x$fpl$dretinf)
    __aeabi_f2d                              0x08003749   Thumb Code     0  f2d.o(x$fpl$f2d)
    _f2d                                     0x08003749   Thumb Code    86  f2d.o(x$fpl$f2d)
    __aeabi_fdiv                             0x080037a1   Thumb Code     0  fdiv.o(x$fpl$fdiv)
    _fdiv                                    0x080037a1   Thumb Code   384  fdiv.o(x$fpl$fdiv)
    __aeabi_i2f                              0x08003925   Thumb Code     0  fflt_clz.o(x$fpl$fflt)
    _fflt                                    0x08003925   Thumb Code    48  fflt_clz.o(x$fpl$fflt)
    __aeabi_ui2f                             0x08003955   Thumb Code     0  fflt_clz.o(x$fpl$ffltu)
    _ffltu                                   0x08003955   Thumb Code    38  fflt_clz.o(x$fpl$ffltu)
    __fpl_fnaninf                            0x0800397b   Thumb Code   140  fnaninf.o(x$fpl$fnaninf)
    __fpl_fretinf                            0x08003a07   Thumb Code    10  fretinf.o(x$fpl$fretinf)
    _printf_fp_dec                           0x08003a11   Thumb Code     4  printf1.o(x$fpl$printf1)
    BAUD_id                                  0x08003a14   Data          36  gps.o(.constdata)
    __I$use$fp                               0x08003a14   Number         0  usenofp.o(x$fpl$usenofp)
    Region$$Table$$Base                      0x08003bdc   Number         0  anon$$obj.o(Region$$Table)
    Region$$Table$$Limit                     0x08003bfc   Number         0  anon$$obj.o(Region$$Table)
    fixmode_tbl                              0x20000000   Data          16  main.o(.data)
    SystemCoreClock                          0x20000010   Data           4  system_stm32f10x.o(.data)
    AHBPrescTable                            0x20000014   Data          16  system_stm32f10x.o(.data)
    USART3_RX_STA                            0x20000024   Data           2  usart3.o(.data)
    fontaddr                                 0x20000028   Data           4  lcd_zk.o(.data)
    USART_RX_STA                             0x20000030   Data           2  usart.o(.data)
    __stdout                                 0x20000034   Data           4  usart.o(.data)
    sys_cmd_tab                              0x2000004c   Data          28  usmart.o(.data)
    usmart_nametab                           0x20000068   Data          40  usmart_config.o(.data)
    usmart_dev                               0x20000090   Data         244  usmart_config.o(.data)
    gpsx                                     0x20000184   Data         166  main.o(.bss)
    dtbuf                                    0x2000022c   Data          50  main.o(.bss)
    USART3_RX_BUF                            0x2000025e   Data         600  usart3.o(.bss)
    USART3_TX_BUF                            0x200004b6   Data         600  usart3.o(.bss)
    USART_RX_BUF                             0x2000070e   Data         200  usart.o(.bss)
    __libspace_start                         0x200007d8   Data          96  libspace.o(.bss)
    __temporary_stack_top$libspace           0x20000838   Data           0  libspace.o(.bss)



==============================================================================

Memory Map of the image

  Image Entry point : 0x08000131

  Load Region LR_IROM1 (Base: 0x08000000, Size: 0x00003d9c, Max: 0x00010000, ABSOLUTE, COMPRESSED[0x00003c88])

    Execution Region ER_IROM1 (Exec base: 0x08000000, Load base: 0x08000000, Size: 0x00003c18, Max: 0x00010000, ABSOLUTE)

    Exec Addr    Load Addr    Size         Type   Attr      Idx    E Section Name        Object

    0x08000000   0x08000000   0x00000130   Data   RO          285    RESET               startup_stm32f10x_hd.o
    0x08000130   0x08000130   0x00000008   Code   RO         2176  * !!!main             c_w.l(__main.o)
    0x08000138   0x08000138   0x00000034   Code   RO         2468    !!!scatter          c_w.l(__scatter.o)
    0x0800016c   0x0800016c   0x0000005a   Code   RO         2466    !!dczerorl2         c_w.l(__dczerorl2.o)
    0x080001c6   0x080001c6   0x00000002   PAD
    0x080001c8   0x080001c8   0x0000001c   Code   RO         2470    !!handler_zi        c_w.l(__scatter_zi.o)
    0x080001e4   0x080001e4   0x00000000   Code   RO         2169    .ARM.Collect$$_printf_percent$$00000000  c_w.l(_printf_percent.o)
    0x080001e4   0x080001e4   0x00000006   Code   RO         2168    .ARM.Collect$$_printf_percent$$00000003  c_w.l(_printf_f.o)
    0x080001ea   0x080001ea   0x00000006   Code   RO         2166    .ARM.Collect$$_printf_percent$$00000009  c_w.l(_printf_d.o)
    0x080001f0   0x080001f0   0x00000006   Code   RO         2167    .ARM.Collect$$_printf_percent$$0000000A  c_w.l(_printf_u.o)
    0x080001f6   0x080001f6   0x00000006   Code   RO         2165    .ARM.Collect$$_printf_percent$$0000000C  c_w.l(_printf_x.o)
    0x080001fc   0x080001fc   0x00000006   Code   RO         2163    .ARM.Collect$$_printf_percent$$00000013  c_w.l(_printf_c.o)
    0x08000202   0x08000202   0x00000006   Code   RO         2164    .ARM.Collect$$_printf_percent$$00000014  c_w.l(_printf_s.o)
    0x08000208   0x08000208   0x00000004   Code   RO         2241    .ARM.Collect$$_printf_percent$$00000017  c_w.l(_printf_percent_end.o)
    0x0800020c   0x0800020c   0x00000002   Code   RO         2340    .ARM.Collect$$libinit$$00000000  c_w.l(libinit.o)
    0x0800020e   0x0800020e   0x00000000   Code   RO         2342    .ARM.Collect$$libinit$$00000002  c_w.l(libinit2.o)
    0x0800020e   0x0800020e   0x00000000   Code   RO         2344    .ARM.Collect$$libinit$$00000004  c_w.l(libinit2.o)
    0x0800020e   0x0800020e   0x00000000   Code   RO         2347    .ARM.Collect$$libinit$$0000000A  c_w.l(libinit2.o)
    0x0800020e   0x0800020e   0x00000000   Code   RO         2349    .ARM.Collect$$libinit$$0000000C  c_w.l(libinit2.o)
    0x0800020e   0x0800020e   0x00000000   Code   RO         2351    .ARM.Collect$$libinit$$0000000E  c_w.l(libinit2.o)
    0x0800020e   0x0800020e   0x00000006   Code   RO         2352    .ARM.Collect$$libinit$$0000000F  c_w.l(libinit2.o)
    0x08000214   0x08000214   0x00000000   Code   RO         2354    .ARM.Collect$$libinit$$00000011  c_w.l(libinit2.o)
    0x08000214   0x08000214   0x00000000   Code   RO         2356    .ARM.Collect$$libinit$$00000013  c_w.l(libinit2.o)
    0x08000214   0x08000214   0x00000000   Code   RO         2358    .ARM.Collect$$libinit$$00000015  c_w.l(libinit2.o)
    0x08000214   0x08000214   0x0000000a   Code   RO         2359    .ARM.Collect$$libinit$$00000016  c_w.l(libinit2.o)
    0x0800021e   0x0800021e   0x00000000   Code   RO         2360    .ARM.Collect$$libinit$$00000017  c_w.l(libinit2.o)
    0x0800021e   0x0800021e   0x00000000   Code   RO         2362    .ARM.Collect$$libinit$$00000019  c_w.l(libinit2.o)
    0x0800021e   0x0800021e   0x00000000   Code   RO         2364    .ARM.Collect$$libinit$$0000001B  c_w.l(libinit2.o)
    0x0800021e   0x0800021e   0x00000000   Code   RO         2366    .ARM.Collect$$libinit$$0000001D  c_w.l(libinit2.o)
    0x0800021e   0x0800021e   0x00000000   Code   RO         2368    .ARM.Collect$$libinit$$0000001F  c_w.l(libinit2.o)
    0x0800021e   0x0800021e   0x00000000   Code   RO         2370    .ARM.Collect$$libinit$$00000021  c_w.l(libinit2.o)
    0x0800021e   0x0800021e   0x00000000   Code   RO         2372    .ARM.Collect$$libinit$$00000023  c_w.l(libinit2.o)
    0x0800021e   0x0800021e   0x00000000   Code   RO         2374    .ARM.Collect$$libinit$$00000025  c_w.l(libinit2.o)
    0x0800021e   0x0800021e   0x00000000   Code   RO         2378    .ARM.Collect$$libinit$$0000002C  c_w.l(libinit2.o)
    0x0800021e   0x0800021e   0x00000000   Code   RO         2380    .ARM.Collect$$libinit$$0000002E  c_w.l(libinit2.o)
    0x0800021e   0x0800021e   0x00000000   Code   RO         2382    .ARM.Collect$$libinit$$00000030  c_w.l(libinit2.o)
    0x0800021e   0x0800021e   0x00000000   Code   RO         2384    .ARM.Collect$$libinit$$00000032  c_w.l(libinit2.o)
    0x0800021e   0x0800021e   0x00000002   Code   RO         2385    .ARM.Collect$$libinit$$00000033  c_w.l(libinit2.o)
    0x08000220   0x08000220   0x00000002   Code   RO         2416    .ARM.Collect$$libshutdown$$00000000  c_w.l(libshutdown.o)
    0x08000222   0x08000222   0x00000000   Code   RO         2425    .ARM.Collect$$libshutdown$$00000002  c_w.l(libshutdown2.o)
    0x08000222   0x08000222   0x00000000   Code   RO         2427    .ARM.Collect$$libshutdown$$00000004  c_w.l(libshutdown2.o)
    0x08000222   0x08000222   0x00000000   Code   RO         2430    .ARM.Collect$$libshutdown$$00000007  c_w.l(libshutdown2.o)
    0x08000222   0x08000222   0x00000000   Code   RO         2433    .ARM.Collect$$libshutdown$$0000000A  c_w.l(libshutdown2.o)
    0x08000222   0x08000222   0x00000000   Code   RO         2435    .ARM.Collect$$libshutdown$$0000000C  c_w.l(libshutdown2.o)
    0x08000222   0x08000222   0x00000000   Code   RO         2438    .ARM.Collect$$libshutdown$$0000000F  c_w.l(libshutdown2.o)
    0x08000222   0x08000222   0x00000002   Code   RO         2439    .ARM.Collect$$libshutdown$$00000010  c_w.l(libshutdown2.o)
    0x08000224   0x08000224   0x00000000   Code   RO         2206    .ARM.Collect$$rtentry$$00000000  c_w.l(__rtentry.o)
    0x08000224   0x08000224   0x00000000   Code   RO         2259    .ARM.Collect$$rtentry$$00000002  c_w.l(__rtentry2.o)
    0x08000224   0x08000224   0x00000006   Code   RO         2271    .ARM.Collect$$rtentry$$00000004  c_w.l(__rtentry4.o)
    0x0800022a   0x0800022a   0x00000000   Code   RO         2261    .ARM.Collect$$rtentry$$00000009  c_w.l(__rtentry2.o)
    0x0800022a   0x0800022a   0x00000004   Code   RO         2262    .ARM.Collect$$rtentry$$0000000A  c_w.l(__rtentry2.o)
    0x0800022e   0x0800022e   0x00000000   Code   RO         2264    .ARM.Collect$$rtentry$$0000000C  c_w.l(__rtentry2.o)
    0x0800022e   0x0800022e   0x00000008   Code   RO         2265    .ARM.Collect$$rtentry$$0000000D  c_w.l(__rtentry2.o)
    0x08000236   0x08000236   0x00000002   Code   RO         2386    .ARM.Collect$$rtexit$$00000000  c_w.l(rtexit.o)
    0x08000238   0x08000238   0x00000000   Code   RO         2396    .ARM.Collect$$rtexit$$00000002  c_w.l(rtexit2.o)
    0x08000238   0x08000238   0x00000004   Code   RO         2397    .ARM.Collect$$rtexit$$00000003  c_w.l(rtexit2.o)
    0x0800023c   0x0800023c   0x00000006   Code   RO         2398    .ARM.Collect$$rtexit$$00000004  c_w.l(rtexit2.o)
    0x08000242   0x08000242   0x00000002   PAD
    0x08000244   0x08000244   0x00000040   Code   RO          286    .text               startup_stm32f10x_hd.o
    0x08000284   0x08000284   0x00000002   Code   RO         2102    .text               c_w.l(use_no_semi_2.o)
    0x08000286   0x08000286   0x00000002   PAD
    0x08000288   0x08000288   0x00000018   Code   RO         2106    .text               c_w.l(__2printf.o)
    0x080002a0   0x080002a0   0x0000002c   Code   RO         2108    .text               c_w.l(__2sprintf.o)
    0x080002cc   0x080002cc   0x0000004e   Code   RO         2116    .text               c_w.l(_printf_pad.o)
    0x0800031a   0x0800031a   0x00000052   Code   RO         2118    .text               c_w.l(_printf_str.o)
    0x0800036c   0x0800036c   0x00000078   Code   RO         2120    .text               c_w.l(_printf_dec.o)
    0x080003e4   0x080003e4   0x00000094   Code   RO         2140    .text               c_w.l(_printf_hex_int_ll_ptr.o)
    0x08000478   0x08000478   0x00000188   Code   RO         2160    .text               c_w.l(__printf_flags_ss_wp.o)
    0x08000600   0x08000600   0x00000006   Code   RO         2174    .text               c_w.l(heapauxi.o)
    0x08000606   0x08000606   0x00000002   Code   RO         2204    .text               c_w.l(use_no_semi.o)
    0x08000608   0x08000608   0x000000b2   Code   RO         2209    .text               c_w.l(_printf_intcommon.o)
    0x080006ba   0x080006ba   0x0000041e   Code   RO         2213    .text               c_w.l(_printf_fp_dec.o)
    0x08000ad8   0x08000ad8   0x00000030   Code   RO         2215    .text               c_w.l(_printf_char_common.o)
    0x08000b08   0x08000b08   0x0000000a   Code   RO         2217    .text               c_w.l(_sputc.o)
    0x08000b12   0x08000b12   0x0000002c   Code   RO         2219    .text               c_w.l(_printf_char.o)
    0x08000b3e   0x08000b3e   0x00000002   PAD
    0x08000b40   0x08000b40   0x00000024   Code   RO         2221    .text               c_w.l(_printf_char_file.o)
    0x08000b64   0x08000b64   0x00000008   Code   RO         2276    .text               c_w.l(rt_locale_intlibspace.o)
    0x08000b6c   0x08000b6c   0x0000008a   Code   RO         2278    .text               c_w.l(lludiv10.o)
    0x08000bf6   0x08000bf6   0x00000002   PAD
    0x08000bf8   0x08000bf8   0x00000080   Code   RO         2280    .text               c_w.l(_printf_fp_infnan.o)
    0x08000c78   0x08000c78   0x000000e4   Code   RO         2286    .text               c_w.l(bigflt0.o)
    0x08000d5c   0x08000d5c   0x00000008   Code   RO         2311    .text               c_w.l(ferror.o)
    0x08000d64   0x08000d64   0x00000008   Code   RO         2324    .text               c_w.l(libspace.o)
    0x08000d6c   0x08000d6c   0x0000004a   Code   RO         2327    .text               c_w.l(sys_stackheap_outer.o)
    0x08000db6   0x08000db6   0x00000012   Code   RO         2331    .text               c_w.l(exit.o)
    0x08000dc8   0x08000dc8   0x00000080   Code   RO         2333    .text               c_w.l(strcmpv7m.o)
    0x08000e48   0x08000e48   0x0000003e   Code   RO         2289    CL$$btod_d2e        c_w.l(btod.o)
    0x08000e86   0x08000e86   0x00000046   Code   RO         2291    CL$$btod_d2e_denorm_low  c_w.l(btod.o)
    0x08000ecc   0x08000ecc   0x00000060   Code   RO         2290    CL$$btod_d2e_norm_op1  c_w.l(btod.o)
    0x08000f2c   0x08000f2c   0x00000338   Code   RO         2299    CL$$btod_div_common  c_w.l(btod.o)
    0x08001264   0x08001264   0x000000dc   Code   RO         2296    CL$$btod_e2e        c_w.l(btod.o)
    0x08001340   0x08001340   0x0000002a   Code   RO         2293    CL$$btod_ediv       c_w.l(btod.o)
    0x0800136a   0x0800136a   0x0000002a   Code   RO         2292    CL$$btod_emul       c_w.l(btod.o)
    0x08001394   0x08001394   0x00000244   Code   RO         2298    CL$$btod_mult_common  c_w.l(btod.o)
    0x080015d8   0x080015d8   0x00000002   Code   RO          154    i.BusFault_Handler  stm32f10x_it.o
    0x080015da   0x080015da   0x00000002   Code   RO          155    i.DebugMon_Handler  stm32f10x_it.o
    0x080015dc   0x080015dc   0x00000094   Code   RO          490    i.GBZK_GPIO_Config  lcd_zk.o
    0x08001670   0x08001670   0x00000024   Code   RO          491    i.GBZK_ROMOUTRESET  lcd_zk.o
    0x08001694   0x08001694   0x00000024   Code   RO          492    i.GBZK_ROMOUTSET    lcd_zk.o
    0x080016b8   0x080016b8   0x0000009c   Code   RO         1715    i.GPIO_Init         stm32f10x_gpio.o
    0x08001754   0x08001754   0x0000000e   Code   RO         1719    i.GPIO_ReadInputDataBit  stm32f10x_gpio.o
    0x08001762   0x08001762   0x00000004   Code   RO         1722    i.GPIO_ResetBits    stm32f10x_gpio.o
    0x08001766   0x08001766   0x00000004   Code   RO         1723    i.GPIO_SetBits      stm32f10x_gpio.o
    0x0800176a   0x0800176a   0x00000002   PAD
    0x0800176c   0x0800176c   0x0000021c   Code   RO            1    i.Gps_Msg_Show      main.o
    0x08001988   0x08001988   0x00000002   Code   RO          156    i.HardFault_Handler  stm32f10x_it.o
    0x0800198a   0x0800198a   0x00000002   Code   RO          157    i.MemManage_Handler  stm32f10x_it.o
    0x0800198c   0x0800198c   0x00000002   Code   RO          158    i.NMI_Handler       stm32f10x_it.o
    0x0800198e   0x0800198e   0x00000002   PAD
    0x08001990   0x08001990   0x00000064   Code   RO          700    i.NVIC_Init         misc.o
    0x080019f4   0x080019f4   0x00000014   Code   RO          701    i.NVIC_PriorityGroupConfig  misc.o
    0x08001a08   0x08001a08   0x00000002   Code   RO          159    i.PendSV_Handler    stm32f10x_it.o
    0x08001a0a   0x08001a0a   0x00000002   PAD
    0x08001a0c   0x08001a0c   0x00000018   Code   RO         1451    i.RCC_APB1PeriphClockCmd  stm32f10x_rcc.o
    0x08001a24   0x08001a24   0x00000018   Code   RO         1452    i.RCC_APB1PeriphResetCmd  stm32f10x_rcc.o
    0x08001a3c   0x08001a3c   0x00000018   Code   RO         1453    i.RCC_APB2PeriphClockCmd  stm32f10x_rcc.o
    0x08001a54   0x08001a54   0x00000018   Code   RO         1454    i.RCC_APB2PeriphResetCmd  stm32f10x_rcc.o
    0x08001a6c   0x08001a6c   0x00000094   Code   RO         1461    i.RCC_GetClocksFreq  stm32f10x_rcc.o
    0x08001b00   0x08001b00   0x00000002   Code   RO          160    i.SVC_Handler       stm32f10x_it.o
    0x08001b02   0x08001b02   0x00000002   PAD
    0x08001b04   0x08001b04   0x000000a8   Code   RO          243    i.SetSysClockTo72   system_stm32f10x.o
    0x08001bac   0x08001bac   0x00000060   Code   RO          300    i.SkyTra_Cfg_Ack_Check  gps.o
    0x08001c0c   0x08001c0c   0x00000058   Code   RO          301    i.SkyTra_Cfg_Prt    gps.o
    0x08001c64   0x08001c64   0x0000003c   Code   RO          302    i.SkyTra_Cfg_Rate   gps.o
    0x08001ca0   0x08001ca0   0x00000050   Code   RO          303    i.SkyTra_Cfg_Tp     gps.o
    0x08001cf0   0x08001cf0   0x00000024   Code   RO          304    i.SkyTra_Send_Date  gps.o
    0x08001d14   0x08001d14   0x00000018   Code   RO          704    i.SysTick_CLKSourceConfig  misc.o
    0x08001d2c   0x08001d2c   0x00000002   Code   RO          161    i.SysTick_Handler   stm32f10x_it.o
    0x08001d2e   0x08001d2e   0x00000002   PAD
    0x08001d30   0x08001d30   0x00000050   Code   RO          245    i.SystemInit        system_stm32f10x.o
    0x08001d80   0x08001d80   0x00000060   Code   RO          430    i.TIM3_Int_Init     timer.o
    0x08001de0   0x08001de0   0x0000003c   Code   RO         1943    i.TIM4_IRQHandler   usmart.o
    0x08001e1c   0x08001e1c   0x00000038   Code   RO          431    i.TIM7_IRQHandler   timer.o
    0x08001e54   0x08001e54   0x00000006   Code   RO          924    i.TIM_ClearFlag     stm32f10x_tim.o
    0x08001e5a   0x08001e5a   0x00000006   Code   RO          925    i.TIM_ClearITPendingBit  stm32f10x_tim.o
    0x08001e60   0x08001e60   0x00000014   Code   RO          930    i.TIM_Cmd           stm32f10x_tim.o
    0x08001e74   0x08001e74   0x00000004   Code   RO          949    i.TIM_GetCounter    stm32f10x_tim.o
    0x08001e78   0x08001e78   0x0000000e   Code   RO          950    i.TIM_GetFlagStatus  stm32f10x_tim.o
    0x08001e86   0x08001e86   0x00000018   Code   RO          951    i.TIM_GetITStatus   stm32f10x_tim.o
    0x08001e9e   0x08001e9e   0x00000010   Code   RO          955    i.TIM_ITConfig      stm32f10x_tim.o
    0x08001eae   0x08001eae   0x00000004   Code   RO          989    i.TIM_SetAutoreload  stm32f10x_tim.o
    0x08001eb2   0x08001eb2   0x00000004   Code   RO          995    i.TIM_SetCounter    stm32f10x_tim.o
    0x08001eb6   0x08001eb6   0x00000002   PAD
    0x08001eb8   0x08001eb8   0x0000009c   Code   RO         1001    i.TIM_TimeBaseInit  stm32f10x_tim.o
    0x08001f54   0x08001f54   0x00000060   Code   RO         1944    i.Timer4_Init       usmart.o
    0x08001fb4   0x08001fb4   0x00000064   Code   RO          658    i.USART1_IRQHandler  usart.o
    0x08002018   0x08002018   0x00000068   Code   RO          452    i.USART3_IRQHandler  usart3.o
    0x08002080   0x08002080   0x00000014   Code   RO          740    i.USART_Cmd         stm32f10x_usart.o
    0x08002094   0x08002094   0x00000074   Code   RO          742    i.USART_DeInit      stm32f10x_usart.o
    0x08002108   0x08002108   0x0000003e   Code   RO          744    i.USART_GetITStatus  stm32f10x_usart.o
    0x08002146   0x08002146   0x00000030   Code   RO          746    i.USART_ITConfig    stm32f10x_usart.o
    0x08002176   0x08002176   0x00000002   PAD
    0x08002178   0x08002178   0x000000ac   Code   RO          747    i.USART_Init        stm32f10x_usart.o
    0x08002224   0x08002224   0x00000008   Code   RO          754    i.USART_ReceiveData  stm32f10x_usart.o
    0x0800222c   0x0800222c   0x00000002   Code   RO          162    i.UsageFault_Handler  stm32f10x_it.o
    0x0800222e   0x0800222e   0x00000028   Code   RO         2322    i.__ARM_fpclassify  m_ws.l(fpclassify.o)
    0x08002256   0x08002256   0x0000000e   Code   RO         2153    i._is_digit         c_w.l(__printf_wp.o)
    0x08002264   0x08002264   0x00000002   Code   RO          659    i._sys_exit         usart.o
    0x08002266   0x08002266   0x00000002   PAD
    0x08002268   0x08002268   0x00000054   Code   RO          493    i.clear_screen      lcd_zk.o
    0x080022bc   0x080022bc   0x00000018   Code   RO          494    i.delay             lcd_zk.o
    0x080022d4   0x080022d4   0x0000003c   Code   RO          604    i.delay_init        delay.o
    0x08002310   0x08002310   0x00000034   Code   RO          605    i.delay_ms          delay.o
    0x08002344   0x08002344   0x00000058   Code   RO          498    i.display_graphic_5x7  lcd_zk.o
    0x0800239c   0x0800239c   0x0000005c   Code   RO          500    i.display_string_5x7  lcd_zk.o
    0x080023f8   0x080023f8   0x00000018   Code   RO          660    i.fputc             usart.o
    0x08002410   0x08002410   0x000000c0   Code   RO          501    i.get_n_bytes_data_from_ROM  lcd_zk.o
    0x080024d0   0x080024d0   0x000000d8   Code   RO          502    i.initial_lcd       lcd_zk.o
    0x080025a8   0x080025a8   0x00000022   Code   RO            2    i.main              main.o
    0x080025ca   0x080025ca   0x00000004   Code   RO         1945    i.read_addr         usmart.o
    0x080025ce   0x080025ce   0x00000002   PAD
    0x080025d0   0x080025d0   0x00000044   Code   RO          504    i.send_command_to_ROM  lcd_zk.o
    0x08002614   0x08002614   0x00000068   Code   RO          505    i.transfer_command_lcd  lcd_zk.o
    0x0800267c   0x0800267c   0x00000068   Code   RO          506    i.transfer_data_lcd  lcd_zk.o
    0x080026e4   0x080026e4   0x000000a0   Code   RO          661    i.uart_init         usart.o
    0x08002784   0x08002784   0x000000cc   Code   RO          454    i.usart3_init       usart3.o
    0x08002850   0x08002850   0x00000094   Code   RO         1946    i.usmart_cmd_rec    usmart.o
    0x080028e4   0x080028e4   0x00000260   Code   RO         1947    i.usmart_exe        usmart.o
    0x08002b44   0x08002b44   0x0000009c   Code   RO         2033    i.usmart_get_aparm  usmart_str.o
    0x08002be0   0x08002be0   0x0000002e   Code   RO         2034    i.usmart_get_cmdname  usmart_str.o
    0x08002c0e   0x08002c0e   0x00000002   PAD
    0x08002c10   0x08002c10   0x00000168   Code   RO         2035    i.usmart_get_fname  usmart_str.o
    0x08002d78   0x08002d78   0x000000d0   Code   RO         2036    i.usmart_get_fparam  usmart_str.o
    0x08002e48   0x08002e48   0x00000024   Code   RO         2037    i.usmart_get_parmpos  usmart_str.o
    0x08002e6c   0x08002e6c   0x00000038   Code   RO         1948    i.usmart_get_runtime  usmart.o
    0x08002ea4   0x08002ea4   0x00000028   Code   RO         1949    i.usmart_init       usmart.o
    0x08002ecc   0x08002ecc   0x00000010   Code   RO         2038    i.usmart_pow        usmart_str.o
    0x08002edc   0x08002edc   0x00000030   Code   RO         1950    i.usmart_reset_runtime  usmart.o
    0x08002f0c   0x08002f0c   0x000000a4   Code   RO         1951    i.usmart_scan       usmart.o
    0x08002fb0   0x08002fb0   0x00000010   Code   RO         2039    i.usmart_search_nextc  usmart_str.o
    0x08002fc0   0x08002fc0   0x000000a0   Code   RO         2040    i.usmart_str2num    usmart_str.o
    0x08003060   0x08003060   0x00000018   Code   RO         2041    i.usmart_strcmp     usmart_str.o
    0x08003078   0x08003078   0x00000012   Code   RO         2042    i.usmart_strcopy    usmart_str.o
    0x0800308a   0x0800308a   0x00000012   Code   RO         2043    i.usmart_strlen     usmart_str.o
    0x0800309c   0x0800309c   0x00000670   Code   RO         1952    i.usmart_sys_cmd_exe  usmart.o
    0x0800370c   0x0800370c   0x00000004   Code   RO         1953    i.write_addr        usmart.o
    0x08003710   0x08003710   0x0000002c   Code   RO         2318    locale$$code        c_w.l(lc_numeric_c.o)
    0x0800373c   0x0800373c   0x0000000c   Code   RO         2251    x$fpl$dretinf       fz_ws.l(dretinf.o)
    0x08003748   0x08003748   0x00000056   Code   RO         2178    x$fpl$f2d           fz_ws.l(f2d.o)
    0x0800379e   0x0800379e   0x00000002   PAD
    0x080037a0   0x080037a0   0x00000184   Code   RO         2187    x$fpl$fdiv          fz_ws.l(fdiv.o)
    0x08003924   0x08003924   0x00000030   Code   RO         2195    x$fpl$fflt          fz_ws.l(fflt_clz.o)
    0x08003954   0x08003954   0x00000026   Code   RO         2194    x$fpl$ffltu         fz_ws.l(fflt_clz.o)
    0x0800397a   0x0800397a   0x0000008c   Code   RO         2253    x$fpl$fnaninf       fz_ws.l(fnaninf.o)
    0x08003a06   0x08003a06   0x0000000a   Code   RO         2255    x$fpl$fretinf       fz_ws.l(fretinf.o)
    0x08003a10   0x08003a10   0x00000004   Code   RO         2202    x$fpl$printf1       fz_ws.l(printf1.o)
    0x08003a14   0x08003a14   0x00000000   Code   RO         2257    x$fpl$usenofp       fz_ws.l(usenofp.o)
    0x08003a14   0x08003a14   0x00000024   Data   RO          305    .constdata          gps.o
    0x08003a38   0x08003a38   0x00000028   Data   RO         2141    .constdata          c_w.l(_printf_hex_int_ll_ptr.o)
    0x08003a60   0x08003a60   0x00000011   Data   RO         2161    .constdata          c_w.l(__printf_flags_ss_wp.o)
    0x08003a71   0x08003a71   0x00000003   PAD
    0x08003a74   0x08003a74   0x00000094   Data   RO         2287    .constdata          c_w.l(bigflt0.o)
    0x08003b08   0x08003b08   0x00000015   Data   RO            5    .conststring        main.o
    0x08003b1d   0x08003b1d   0x00000003   PAD
    0x08003b20   0x08003b20   0x00000028   Data   RO         1954    .conststring        usmart.o
    0x08003b48   0x08003b48   0x00000094   Data   RO         2019    .conststring        usmart_config.o
    0x08003bdc   0x08003bdc   0x00000020   Data   RO         2464    Region$$Table       anon$$obj.o
    0x08003bfc   0x08003bfc   0x0000001c   Data   RO         2317    locale$$data        c_w.l(lc_numeric_c.o)


    Execution Region RW_IRAM1 (Exec base: 0x20000000, Load base: 0x08003c18, Size: 0x00000e38, Max: 0x00005000, ABSOLUTE, COMPRESSED[0x00000070])

    Exec Addr    Load Addr    Size         Type   Attr      Idx    E Section Name        Object

    0x20000000   COMPRESSED   0x00000010   Data   RW            6    .data               main.o
    0x20000010   COMPRESSED   0x00000014   Data   RW          246    .data               system_stm32f10x.o
    0x20000024   COMPRESSED   0x00000002   Data   RW          456    .data               usart3.o
    0x20000026   COMPRESSED   0x00000002   PAD
    0x20000028   COMPRESSED   0x00000004   Data   RW          510    .data               lcd_zk.o
    0x2000002c   COMPRESSED   0x00000004   Data   RW          607    .data               delay.o
    0x20000030   COMPRESSED   0x00000002   Data   RW          663    .data               usart.o
    0x20000032   COMPRESSED   0x00000002   PAD
    0x20000034   COMPRESSED   0x00000004   Data   RW          664    .data               usart.o
    0x20000038   COMPRESSED   0x00000014   Data   RW         1481    .data               stm32f10x_rcc.o
    0x2000004c   COMPRESSED   0x0000001c   Data   RW         1955    .data               usmart.o
    0x20000068   COMPRESSED   0x00000028   Data   RW         2020    .data               usmart_config.o
    0x20000090   COMPRESSED   0x000000f4   Data   RW         2021    .data               usmart_config.o
    0x20000184        -       0x000000da   Zero   RW            4    .bss                main.o
    0x2000025e        -       0x000004b0   Zero   RW          455    .bss                usart3.o
    0x2000070e        -       0x000000c8   Zero   RW          662    .bss                usart.o
    0x200007d6   COMPRESSED   0x00000002   PAD
    0x200007d8        -       0x00000060   Zero   RW         2325    .bss                c_w.l(libspace.o)
    0x20000838        -       0x00000200   Zero   RW          284    HEAP                startup_stm32f10x_hd.o
    0x20000a38        -       0x00000400   Zero   RW          283    STACK               startup_stm32f10x_hd.o


==============================================================================

Image component sizes


      Code (inc. data)   RO Data    RW Data    ZI Data      Debug   Object Name

         0          0          0          0          0         32   core_cm3.o
       112         20          0          4          0       1104   delay.o
       360         32         36          0          0       3824   gps.o
      1192         74          0          4          0       8536   lcd_zk.o
       574        262         21         16        218     254741   main.o
       144         16          0          0          0       1961   misc.o
        64         26        304          0       1536        844   startup_stm32f10x_hd.o
       178          0          0          0          0       3576   stm32f10x_gpio.o
        18          0          0          0          0       3398   stm32f10x_it.o
       244         40          0         20          0       5472   stm32f10x_rcc.o
       254         42          0          0          0       6927   stm32f10x_tim.o
       426         26          0          0          0       5637   stm32f10x_usart.o
       248         24          0         20          0       1601   system_stm32f10x.o
       152         14          0          0          0       1110   timer.o
       286         26          0          6        200       3980   usart.o
       308         32          0          2       1200       2014   usart3.o
      2876       1332         40         28          0       7302   usmart.o
         0          0        148        284          0       1476   usmart_config.o
      1058         20          0          0          0       8635   usmart_str.o

    ----------------------------------------------------------------------
      8514       1986        584        388       3156     322170   Object Totals
         0          0         32          0          0          0   (incl. Generated)
        20          0          3          4          2          0   (incl. Padding)

    ----------------------------------------------------------------------

      Code (inc. data)   RO Data    RW Data    ZI Data      Debug   Library Member Name

        24          4          0          0          0         84   __2printf.o
        44          6          0          0          0         84   __2sprintf.o
        90          0          0          0          0          0   __dczerorl2.o
         8          0          0          0          0         68   __main.o
       392          4         17          0          0         92   __printf_flags_ss_wp.o
        14          0          0          0          0         68   __printf_wp.o
         0          0          0          0          0          0   __rtentry.o
        12          0          0          0          0          0   __rtentry2.o
         6          0          0          0          0          0   __rtentry4.o
        52          8          0          0          0          0   __scatter.o
        28          0          0          0          0          0   __scatter_zi.o
         6          0          0          0          0          0   _printf_c.o
        44          0          0          0          0        108   _printf_char.o
        48          6          0          0          0         96   _printf_char_common.o
        36          4          0          0          0         80   _printf_char_file.o
         6          0          0          0          0          0   _printf_d.o
       120         16          0          0          0         92   _printf_dec.o
         6          0          0          0          0          0   _printf_f.o
      1054          0          0          0          0        216   _printf_fp_dec.o
       128         16          0          0          0         84   _printf_fp_infnan.o
       148          4         40          0          0        160   _printf_hex_int_ll_ptr.o
       178          0          0          0          0         88   _printf_intcommon.o
        78          0          0          0          0        108   _printf_pad.o
         0          0          0          0          0          0   _printf_percent.o
         4          0          0          0          0          0   _printf_percent_end.o
         6          0          0          0          0          0   _printf_s.o
        82          0          0          0          0         80   _printf_str.o
         6          0          0          0          0          0   _printf_u.o
         6          0          0          0          0          0   _printf_x.o
        10          0          0          0          0         68   _sputc.o
       228          4        148          0          0         96   bigflt0.o
      1936        128          0          0          0        672   btod.o
        18          0          0          0          0         80   exit.o
         8          0          0          0          0         68   ferror.o
         6          0          0          0          0        152   heapauxi.o
        44         10         28          0          0         76   lc_numeric_c.o
         2          0          0          0          0          0   libinit.o
        18          0          0          0          0          0   libinit2.o
         2          0          0          0          0          0   libshutdown.o
         2          0          0          0          0          0   libshutdown2.o
         8          4          0          0         96         68   libspace.o
       138          0          0          0          0         80   lludiv10.o
         8          4          0          0          0         68   rt_locale_intlibspace.o
         2          0          0          0          0          0   rtexit.o
        10          0          0          0          0          0   rtexit2.o
       128          0          0          0          0         68   strcmpv7m.o
        74          0          0          0          0         80   sys_stackheap_outer.o
         2          0          0          0          0         68   use_no_semi.o
         2          0          0          0          0         68   use_no_semi_2.o
        12          0          0          0          0         68   dretinf.o
        86          4          0          0          0         84   f2d.o
       388         76          0          0          0         96   fdiv.o
        86          0          0          0          0        136   fflt_clz.o
       140          4          0          0          0         84   fnaninf.o
        10          0          0          0          0         68   fretinf.o
         4          0          0          0          0         68   printf1.o
         0          0          0          0          0          0   usenofp.o
        40          0          0          0          0         68   fpclassify.o

    ----------------------------------------------------------------------
      6050        302        236          0         96       3892   Library Totals
        12          0          3          0          0          0   (incl. Padding)

    ----------------------------------------------------------------------

      Code (inc. data)   RO Data    RW Data    ZI Data      Debug   Library Name

      5272        218        233          0         96       3220   c_w.l
       726         84          0          0          0        604   fz_ws.l
        40          0          0          0          0         68   m_ws.l

    ----------------------------------------------------------------------
      6050        302        236          0         96       3892   Library Totals

    ----------------------------------------------------------------------

==============================================================================


      Code (inc. data)   RO Data    RW Data    ZI Data      Debug   

     14564       2288        820        388       3252     319454   Grand Totals
     14564       2288        820        112       3252     319454   ELF Image Totals (compressed)
     14564       2288        820        112          0          0   ROM Totals

==============================================================================

    Total RO  Size (Code + RO Data)                15384 (  15.02kB)
    Total RW  Size (RW Data + ZI Data)              3640 (   3.55kB)
    Total ROM Size (Code + RO Data + RW Data)      15496 (  15.13kB)

==============================================================================

